0.194
No collision
No collision
No collision
0.302
No collision
0.650
No collision
0.302
0.522
No collision
No collision
No collision
No collision
0.525
No collision
No collision
No collision
No collision
1.802
No collision
0.285
0.140
No collision
No collision
No collision
0.043
0.103
No collision
0.331
0.773
No collision
No collision
No collision
No collision
1.231
No collision
1.421
No collision
No collision
0.748
No collision
0.030
No collision
0.646
0.983
0.200
1.539
No collision
0.425
No collision
No collision
No collision
1.951
No collision
2.115
No collision
0.722
No collision
0.705
No collision
0.205
0.599
0.561
11.640
No collision
No collision
1.530
No collision
10.908
No collision
1.054
No collision
1.432
1.992
0.626
1.878
No collision
No collision
0.808
No collision
No collision
No collision
No collision
0.710
1.982
No collision
