No collision
0.738
No collision
No collision
No collision
No collision
No collision
No collision
No collision
No collision
No collision
No collision
No collision
No collision
No collision
No collision
1.014
No collision
No collision
No collision
No collision
No collision
No collision
No collision
No collision
No collision
1.391
No collision
No collision
No collision
No collision
No collision
No collision
No collision
No collision
No collision
No collision
No collision
No collision
No collision
No collision
No collision
No collision
No collision
No collision
No collision
No collision
No collision
No collision
No collision
No collision
No collision
No collision
No collision
No collision
No collision
No collision
No collision
No collision
No collision
No collision
No collision
No collision
No collision
No collision
No collision
No collision
No collision
No collision
No collision
No collision
No collision
0.588
0.098
No collision
No collision
1.398
No collision
No collision
No collision
No collision
No collision
No collision
No collision
No collision
0.084
No collision
No collision
No collision
No collision
No collision
No collision
No collision
No collision
No collision
No collision
0.196
No collision
No collision
No collision
No collision
No collision
No collision
No collision
No collision
No collision
No collision
2.092
No collision
0.434
No collision
No collision
No collision
No collision
No collision
No collision
No collision
No collision
0.125
No collision
No collision
No collision
No collision
No collision
No collision
No collision
No collision
0.415
No collision
0.109
No collision
No collision
No collision
No collision
No collision
No collision
0.044
No collision
No collision
No collision
No collision
No collision
No collision
No collision
0.594
No collision
No collision
No collision
No collision
0.053
No collision
0.157
No collision
No collision
No collision
No collision
No collision
0.053
No collision
No collision
No collision
No collision
0.305
No collision
No collision
No collision
No collision
No collision
No collision
No collision
No collision
No collision
No collision
No collision
No collision
No collision
No collision
No collision
No collision
No collision
No collision
No collision
No collision
No collision
0.066
No collision
No collision
No collision
No collision
No collision
No collision
No collision
No collision
No collision
0.078
No collision
No collision
No collision
No collision
No collision
No collision
No collision
0.031
No collision
No collision
No collision
No collision
No collision
No collision
No collision
No collision
No collision
No collision
No collision
No collision
No collision
No collision
0.968
No collision
No collision
No collision
No collision
No collision
No collision
No collision
No collision
No collision
No collision
No collision
No collision
No collision
No collision
No collision
0.268
No collision
No collision
0.278
0.032
No collision
0.189
No collision
No collision
No collision
0.461
No collision
No collision
No collision
No collision
No collision
No collision
No collision
No collision
No collision
No collision
No collision
No collision
No collision
No collision
No collision
No collision
No collision
No collision
No collision
No collision
No collision
No collision
No collision
No collision
No collision
No collision
No collision
No collision
No collision
No collision
No collision
No collision
No collision
1.130
No collision
No collision
No collision
No collision
0.119
No collision
0.434
No collision
No collision
2.515
No collision
No collision
0.570
No collision
No collision
No collision
1.391
0.346
No collision
No collision
No collision
No collision
No collision
No collision
No collision
No collision
No collision
No collision
No collision
No collision
No collision
0.110
No collision
0.047
0.401
No collision
No collision
No collision
No collision
0.135
No collision
0.211
No collision
No collision
No collision
No collision
No collision
No collision
No collision
0.570
No collision
No collision
No collision
No collision
No collision
No collision
No collision
No collision
No collision
No collision
0.316
No collision
No collision
No collision
No collision
No collision
No collision
No collision
No collision
No collision
No collision
1.307
0.149
No collision
No collision
No collision
No collision
No collision
No collision
No collision
No collision
0.995
No collision
No collision
No collision
No collision
No collision
No collision
No collision
No collision
No collision
No collision
No collision
0.729
No collision
No collision
No collision
No collision
No collision
No collision
No collision
No collision
No collision
No collision
No collision
No collision
No collision
No collision
No collision
No collision
No collision
No collision
No collision
No collision
0.238
No collision
No collision
No collision
0.945
No collision
No collision
No collision
No collision
No collision
No collision
No collision
No collision
No collision
0.182
No collision
No collision
No collision
No collision
0.164
No collision
No collision
No collision
No collision
No collision
0.668
No collision
No collision
0.920
No collision
No collision
No collision
0.652
No collision
No collision
No collision
No collision
No collision
No collision
0.473
No collision
No collision
No collision
No collision
No collision
No collision
No collision
No collision
No collision
No collision
No collision
No collision
No collision
No collision
3.970
No collision
No collision
No collision
No collision
No collision
No collision
No collision
No collision
No collision
No collision
No collision
No collision
No collision
0.218
No collision
0.587
No collision
No collision
No collision
No collision
No collision
No collision
No collision
No collision
No collision
No collision
No collision
No collision
No collision
No collision
No collision
No collision
No collision
No collision
No collision
No collision
No collision
No collision
No collision
No collision
No collision
0.116
No collision
No collision
No collision
0.078
No collision
No collision
No collision
No collision
No collision
No collision
No collision
