No collision
No collision
No collision
No collision
No collision
No collision
No collision
No collision
No collision
No collision
No collision
No collision
No collision
No collision
No collision
No collision
No collision
No collision
No collision
No collision
No collision
No collision
No collision
No collision
No collision
No collision
No collision
2.760
No collision
No collision
No collision
No collision
No collision
No collision
No collision
No collision
No collision
No collision
No collision
No collision
No collision
3.319
No collision
No collision
No collision
No collision
No collision
No collision
No collision
No collision
No collision
No collision
No collision
No collision
No collision
No collision
No collision
No collision
No collision
3.251
No collision
No collision
No collision
No collision
No collision
No collision
No collision
No collision
No collision
No collision
No collision
No collision
No collision
No collision
No collision
No collision
No collision
No collision
No collision
No collision
No collision
No collision
No collision
No collision
0.453
No collision
0.136
No collision
No collision
No collision
No collision
No collision
No collision
No collision
No collision
No collision
No collision
No collision
No collision
No collision
No collision
No collision
No collision
0.646
No collision
No collision
No collision
No collision
No collision
No collision
No collision
No collision
No collision
No collision
No collision
No collision
No collision
No collision
No collision
No collision
No collision
10.704
No collision
No collision
No collision
No collision
11.292
No collision
No collision
No collision
No collision
No collision
No collision
0.182
No collision
No collision
No collision
1.297
No collision
No collision
No collision
No collision
No collision
No collision
No collision
4.323
No collision
No collision
No collision
No collision
No collision
No collision
1.096
No collision
No collision
No collision
No collision
No collision
No collision
No collision
No collision
1.447
No collision
No collision
No collision
No collision
No collision
No collision
No collision
No collision
1.806
No collision
No collision
No collision
No collision
No collision
No collision
No collision
No collision
No collision
No collision
No collision
No collision
No collision
No collision
No collision
No collision
No collision
No collision
No collision
No collision
No collision
No collision
No collision
2.563
No collision
No collision
No collision
No collision
0.519
No collision
No collision
No collision
No collision
0.351
No collision
No collision
No collision
No collision
2.166
No collision
No collision
No collision
No collision
No collision
No collision
2.347
No collision
No collision
No collision
No collision
No collision
0.684
No collision
No collision
No collision
No collision
No collision
No collision
No collision
No collision
3.635
No collision
No collision
No collision
No collision
No collision
No collision
0.558
No collision
No collision
2.405
No collision
No collision
No collision
No collision
No collision
No collision
No collision
No collision
No collision
No collision
No collision
No collision
No collision
No collision
No collision
No collision
No collision
No collision
No collision
No collision
No collision
1.631
No collision
No collision
No collision
No collision
No collision
No collision
No collision
No collision
No collision
No collision
No collision
No collision
No collision
No collision
No collision
No collision
No collision
No collision
No collision
No collision
No collision
No collision
No collision
No collision
No collision
No collision
No collision
No collision
No collision
9.027
No collision
No collision
No collision
No collision
No collision
No collision
No collision
No collision
No collision
No collision
No collision
No collision
No collision
No collision
No collision
2.370
No collision
No collision
1.129
No collision
No collision
No collision
No collision
No collision
No collision
No collision
No collision
0.438
No collision
No collision
No collision
No collision
No collision
No collision
No collision
No collision
No collision
No collision
No collision
No collision
No collision
No collision
No collision
No collision
No collision
4.963
8.739
No collision
No collision
No collision
No collision
No collision
No collision
No collision
No collision
No collision
No collision
No collision
7.019
No collision
No collision
No collision
No collision
No collision
No collision
No collision
No collision
No collision
No collision
No collision
No collision
No collision
No collision
3.157
No collision
No collision
No collision
No collision
No collision
No collision
No collision
No collision
No collision
No collision
No collision
No collision
No collision
No collision
No collision
No collision
No collision
No collision
No collision
No collision
0.650
No collision
No collision
No collision
No collision
No collision
No collision
No collision
No collision
No collision
No collision
No collision
No collision
No collision
No collision
No collision
1.088
0.670
No collision
No collision
No collision
No collision
No collision
No collision
No collision
2.306
No collision
No collision
No collision
No collision
No collision
1.128
No collision
No collision
No collision
No collision
1.401
No collision
No collision
No collision
No collision
No collision
No collision
4.781
No collision
No collision
No collision
No collision
No collision
No collision
No collision
No collision
No collision
No collision
2.385
No collision
No collision
No collision
3.685
No collision
No collision
No collision
1.315
No collision
No collision
No collision
No collision
No collision
No collision
No collision
No collision
No collision
No collision
No collision
No collision
No collision
No collision
No collision
No collision
No collision
No collision
No collision
No collision
No collision
No collision
No collision
No collision
No collision
No collision
No collision
No collision
No collision
No collision
No collision
No collision
No collision
No collision
No collision
No collision
No collision
0.908
No collision
No collision
No collision
No collision
No collision
2.618
No collision
No collision
No collision
No collision
No collision
