No collision
No collision
No collision
No collision
No collision
No collision
No collision
No collision
No collision
No collision
No collision
No collision
No collision
0.119
No collision
No collision
No collision
No collision
No collision
No collision
0.076
No collision
No collision
No collision
No collision
No collision
No collision
No collision
No collision
4.331
No collision
No collision
No collision
No collision
No collision
No collision
No collision
No collision
No collision
No collision
No collision
No collision
No collision
No collision
No collision
No collision
No collision
No collision
No collision
No collision
No collision
No collision
No collision
No collision
No collision
0.446
No collision
0.023
No collision
0.078
No collision
0.170
No collision
No collision
No collision
No collision
No collision
No collision
No collision
No collision
No collision
No collision
No collision
No collision
0.406
No collision
No collision
No collision
No collision
No collision
No collision
No collision
No collision
No collision
No collision
No collision
No collision
No collision
No collision
No collision
No collision
No collision
No collision
No collision
No collision
No collision
No collision
No collision
No collision
No collision
