0.109
No collision
0.375
No collision
5.556
1.989
No collision
0.410
No collision
No collision
0.491
No collision
No collision
1.232
2.059
No collision
10.067
No collision
No collision
No collision
No collision
2.765
0.982
12.143
No collision
6.208
No collision
12.250
2.500
No collision
No collision
No collision
No collision
No collision
1.382
0.495
2.778
3.167
No collision
No collision
0.964
No collision
No collision
0.283
2.369
No collision
No collision
No collision
No collision
No collision
No collision
No collision
1.048
No collision
1.222
3.353
1.133
No collision
No collision
3.000
1.000
No collision
1.107
No collision
5.778
No collision
2.417
0.657
2.015
0.321
No collision
0.500
1.176
1.375
No collision
No collision
6.143
0.639
No collision
No collision
8.625
10.750
No collision
1.132
No collision
No collision
No collision
No collision
No collision
No collision
1.950
0.242
3.167
2.500
0.382
0.333
No collision
No collision
No collision
0.211
0.133
No collision
0.711
No collision
No collision
1.257
4.735
1.375
1.800
No collision
No collision
No collision
No collision
No collision
2.315
No collision
0.382
1.436
No collision
No collision
0.518
No collision
0.298
5.037
No collision
No collision
No collision
No collision
No collision
No collision
1.778
0.262
1.500
No collision
0.476
No collision
0.057
3.500
0.579
5.625
No collision
0.559
No collision
No collision
No collision
No collision
No collision
1.111
No collision
No collision
1.380
No collision
No collision
No collision
0.908
No collision
1.408
6.462
No collision
0.197
No collision
No collision
0.202
No collision
1.923
1.017
0.536
No collision
No collision
No collision
No collision
0.714
1.242
10.500
2.211
No collision
1.286
0.562
0.789
5.667
0.676
3.318
No collision
0.317
2.100
No collision
8.867
1.967
0.451
No collision
48.000
No collision
0.206
0.825
0.938
No collision
2.275
No collision
No collision
No collision
6.700
No collision
No collision
0.971
No collision
No collision
1.781
No collision
6.789
0.500
No collision
1.625
No collision
0.896
0.211
2.119
No collision
No collision
No collision
No collision
No collision
No collision
No collision
0.859
2.000
No collision
No collision
No collision
0.082
No collision
No collision
No collision
2.476
No collision
4.000
No collision
0.667
0.102
0.792
No collision
3.500
No collision
No collision
0.214
0.833
0.523
No collision
2.375
No collision
No collision
