Recipe # 1
QsentjZsbgljOhktGjiy 83960.8
----------------------------------------
Recipe # 2
CrDJZnyiImiZBtFFuKVh 9393.9
----------------------------------------
Recipe # 3
ACvLOXFzDzMSmtZvNxqD 75353.3
----------------------------------------
Recipe # 4
tfqrLcJSJlJDpPchQegm 21867.1
----------------------------------------
Recipe # 5
cGqZVMSPvXWPpqOveLKt 11569.2
----------------------------------------
Recipe # 6
WgIwpbsdyfwuBTLAqgiF 10441.6
----------------------------------------
Recipe # 7
GdOnHbhKYqNHTquIQUtM 6012.4
----------------------------------------
Recipe # 8
SIEbZoPbOkmBDWvQGbOc 4274.6
----------------------------------------
Recipe # 9
KTQaaEJBsutOGhhPbBOn 132230.1
----------------------------------------
Recipe # 10
mkvYxkjYgafLEUHvklMV 38128.2
----------------------------------------
Recipe # 11
FYAfwqWADSRyMgOQMjOa 77662.3
----------------------------------------
Recipe # 12
BzDfcAyzMBPqSmaTajUY 21615.0
----------------------------------------
Recipe # 13
DXKGUFzcsUrvEacApMyD 3952.9
----------------------------------------
Recipe # 14
TxnqDdIyufzEgpURxvvR 31187.5
----------------------------------------
Recipe # 15
dYUxbKWoSNXPrykNMVVH 18613.5
----------------------------------------
Recipe # 16
NggniKKJfOkXhNzroAtc 44233.6
----------------------------------------
Recipe # 17
YPTujiCzdzdXEHOtfSzR 3873.7
----------------------------------------
Recipe # 18
EKlusUIujHsQOcICbhZg 412965.0
----------------------------------------
Recipe # 19
EzfDXzbbsTRkpEPaSBTT 103264.0
----------------------------------------
Recipe # 20
GJOBfIGXJVHONJIauoEa 28136.6
----------------------------------------
Recipe # 21
aMssLRVxhLKOOvTsAntc 318049.8
----------------------------------------
Recipe # 22
CagzpJneYJYeamLeXNtd 106696.9
----------------------------------------
Recipe # 23
qndJXWtwiBjUThsYsVyF 88094.3
----------------------------------------
Recipe # 24
eOASdUPNwwXLCRZJQHqQ 22620.9
----------------------------------------
Recipe # 25
qKdIfsPsVTTIPGFZVMPQ 28745.6
----------------------------------------
Recipe # 26
FPUXGActMFyanvuZNqRm 831754.0
----------------------------------------
Recipe # 27
jiUHDQjoBQTdrRkkeNoa 55130.4
----------------------------------------
Recipe # 28
jNUnFFoGnonwgTFcecGC 18153.6
----------------------------------------
Recipe # 29
oXEhpKjraUYLQDRwRkua 21226.9
----------------------------------------
Recipe # 30
VqMvhiUiMtxVOmVppLVS 21078.8
----------------------------------------
Recipe # 31
AxzOuusaayUzZtQmgUoA 5373.0
----------------------------------------
Recipe # 32
vDxogRAuhVytdpjCLdSz 136099.5
----------------------------------------
Recipe # 33
qiSeYzhaXjxIDBOvpCgD 13961.5
----------------------------------------
Recipe # 34
vNCbYMFfLycdhhJokTMo 20407.3
----------------------------------------
Recipe # 35
XmCwYsWtBLCHWsXMzNWH 10552.3
----------------------------------------
Recipe # 36
ViljDeCcQOXjGtmqbhpn 73278.0
----------------------------------------
Recipe # 37
CXNXLIqIWeamJLbzcIcZ 30528.2
----------------------------------------
Recipe # 38
FpJxbUtwzOZPHmxEuuMA 64560.8
----------------------------------------
Recipe # 39
VyHbpLYNvsrUgRlKdJnA 2525.9
----------------------------------------
Recipe # 40
xnEqexFUQfluXWjCpJsQ 687663.2
----------------------------------------
Recipe # 41
zuRvlRgfGXLUFJGCgeze 2438.0
----------------------------------------
Recipe # 42
uNOvbsrOYYdcUbRBeEIN 269.7
----------------------------------------
Recipe # 43
apLJGCiXVOACyOWaKlKC 12199.7
----------------------------------------
Recipe # 44
abzoRFUZlMWcSBLzhNtS 6778.8
----------------------------------------
Recipe # 45
VxDKnWDvliVMcIHfliTN 37901.3
----------------------------------------
Recipe # 46
kqtMoCcgUqEpcpBBAEOz 15919.7
----------------------------------------
Recipe # 47
HqwQZLaMipsHWgtkUNWR 54017.6
----------------------------------------
Recipe # 48
qAnNCzPIWBBPwivxhFOL 42100.8
----------------------------------------
Recipe # 49
cBgNRNaBORJpHAYBtXUI 20331.5
----------------------------------------
Recipe # 50
zRYGYCHbrVwoCEToBjSn 112056.0
----------------------------------------
Recipe # 51
RblLgeBzCktXpgpKsoJg 16148.5
----------------------------------------
Recipe # 52
FmXfOTazgwfROwkroLkb 48594.0
----------------------------------------
Recipe # 53
byuaHMqTSPNieudwVSsr 113224.1
----------------------------------------
Recipe # 54
ySWhguxFUyKoBmXxokeW 15025.8
----------------------------------------
Recipe # 55
KXdqdvBgAVrPzhektRfg 10700.5
----------------------------------------
Recipe # 56
MvFgjlVWHqKbnoVEaNCb 47156.6
----------------------------------------
Recipe # 57
EuMmMiuwZtdYKHBBYTUi 88122.2
----------------------------------------
Recipe # 58
CzPiKFMhGncfwnOLWzIh 34606.7
----------------------------------------
Recipe # 59
xnXFvQIfonWXhkVyDGRV 972.1
----------------------------------------
Recipe # 60
GCVrzssuJlOGWMjJcvsG 50243.5
----------------------------------------
Recipe # 61
ZwWRTwKPUlvHcnQVSRYT 10966.8
----------------------------------------
Recipe # 62
oGrlyUeDgiZjpxDuqqGj 117311.0
----------------------------------------
Recipe # 63
YRKpuaZVeWDwkJyWERQi 53187.8
----------------------------------------
Recipe # 64
CkthgwOnSiwAyaPQrcDg 86976.8
----------------------------------------
Recipe # 65
gDYTUbdopznsZtHSrkvK 29491.0
----------------------------------------
Recipe # 66
DyCLViWaBrArASoMHNmZ 49514.5
----------------------------------------
Recipe # 67
bEQRZgxxmuQNEyIMjAIS 52680.6
----------------------------------------
Recipe # 68
bKJbXEgcLAsTJmNwoHOA 3231.5
----------------------------------------
Recipe # 69
HyWXcCTrjoOBvdEyBBuW 157213.2
----------------------------------------
Recipe # 70
wUeiaPoUTXYydmnJuhkz 8322.8
----------------------------------------
Recipe # 71
OdAModbghmdxQwlFBEFr 88101.0
----------------------------------------
Recipe # 72
ePwKaXQVFgRORbwlEuLH 145386.4
----------------------------------------
Recipe # 73
RoJWsHvhuKiMbMLsbPdf 154633.7
----------------------------------------
Recipe # 74
aHdPMirdVgOPdOKcJPRH 9624.1
----------------------------------------
Recipe # 75
BItQqrxuaGOiCmlOMSVj 24192.0
----------------------------------------
Recipe # 76
mORWzvsvHhdtHyMFFzYX 13126.1
----------------------------------------
Recipe # 77
AQZXBUctOyUvZdvWmVXL 32830.4
----------------------------------------
Recipe # 78
nNTrRDoBPieDbtOGkBvm 437322.4
----------------------------------------
Recipe # 79
yXGjcdKxjMVGOttAbOZC 2259.9
----------------------------------------
Recipe # 80
OhbFBZHXkEcdHHHcHopZ 139429.7
----------------------------------------
Recipe # 81
NBAFsXMLarjrzsdYXSBN 172043.0
----------------------------------------
Recipe # 82
TIwbvdAOOsiZpyAebQcW 16656.2
----------------------------------------
Recipe # 83
UbUTEAVtVlxpnOLoykxL 7820.8
----------------------------------------
Recipe # 84
vaLKbfFpOBrYTJREqcUu 56180.3
----------------------------------------
Recipe # 85
OhIRTQgWIEDcuVUUtywH 29099.8
----------------------------------------
Recipe # 86
NzucGlFcGxVGimEBpwAP 56765.0
----------------------------------------
Recipe # 87
sahyBJSmaeENRdQxzDvq 29669.2
----------------------------------------
Recipe # 88
ikuaDZtoMyeMEASRZghL 6297.0
----------------------------------------
Recipe # 89
SRHFSXPFuhHtbybLyYlN 11356.9
----------------------------------------
Recipe # 90
stZoXIkhLBLUOXNitMGa 5050.9
----------------------------------------
Recipe # 91
cKixweMwNFkcGGMcrcTb 420.2
----------------------------------------
Recipe # 92
SUpffEIjHxMeCvDcQsUf 27598.8
----------------------------------------
Recipe # 93
SYezZZHJuBgwjoXSkasi 121868.7
----------------------------------------
Recipe # 94
tCNlKXHEtxDqMINzhUmP 52737.8
----------------------------------------
Recipe # 95
kPgJKKkDTYNobZnjrqCR 81792.0
----------------------------------------
Recipe # 96
WVpkpmoAljAKdEOfJmlI 49059.5
----------------------------------------
Recipe # 97
IdGoVmlmRkSczmFifzlO 29176.3
----------------------------------------
Recipe # 98
rKxWvPtKcOjrQBlgJwhg 7558.7
----------------------------------------
Recipe # 99
dxSLMEWpDzPlBZgXyabk 31420.1
----------------------------------------
Recipe # 100
aCeYdpJiqsrttyQoQlJf 22877.7
----------------------------------------
Recipe # 101
pRJewsbsyXpuHtVnuxzP 3905.7
----------------------------------------
Recipe # 102
rlQbCtBMsTMgkLMNWTGK 6855.7
----------------------------------------
Recipe # 103
NnJTzLQOijbBFhAMhIxY 809205.9
----------------------------------------
Recipe # 104
sAzZiBcmKSJjOSLIeaPF 22238.1
----------------------------------------
Recipe # 105
GVpzIYfIeOzlRrPbPfDL 123358.4
----------------------------------------
Recipe # 106
INYaXrlPqjsvnpEimtkG 44288.9
----------------------------------------
Recipe # 107
tiHiqFsnAfVEeOXgugvj 5211.3
----------------------------------------
Recipe # 108
CULEcPiCKTYDdPzIzqtf 20952.5
----------------------------------------
Recipe # 109
NBTUyXJPYdLUlqjoBZak 121167.8
----------------------------------------
Recipe # 110
ZMqvOSosEsvLBPEEQgTw 124476.0
----------------------------------------
Recipe # 111
RZXYAqSlupWZFWlcihXC 9670.7
----------------------------------------
Recipe # 112
BpRWCAaTIdtPfXJKrLcC 22639.4
----------------------------------------
Recipe # 113
WiUqHtTqAjNNSoAqecRK 322269.6
----------------------------------------
Recipe # 114
kyrLHJPwFPCCPSnblekg 156768.8
----------------------------------------
Recipe # 115
mjjlYgDTMfInZyuopfjW 51883.8
----------------------------------------
Recipe # 116
jWkGRUUYkCcNpGjSHjeF 178682.4
----------------------------------------
Recipe # 117
QiRbIahYltFIQmAGZnJV 13897.3
----------------------------------------
Recipe # 118
FLRwTQFvhQDKtJbuWmMP 33025.6
----------------------------------------
Recipe # 119
IkyPrlhtgmtEpeNSfEyF 309082.4
----------------------------------------
Recipe # 120
qxkrKZpQkIbsGyClVFPm 176360.5
----------------------------------------
Recipe # 121
HlJmJHaFaDGqejJjisZM 67548.3
----------------------------------------
Recipe # 122
ldZjbLhQDdBgmRdyyBpi 77513.8
----------------------------------------
Recipe # 123
ZKQzcwAFfIpXTwcofyDw 12336.4
----------------------------------------
Recipe # 124
StzGJXCNWvFcunZHXMzo 29920.5
----------------------------------------
Recipe # 125
voxsbmOhLKRRIUwiwzow 52692.9
----------------------------------------
Recipe # 126
DtKunFPaoHXlVUaFcnXp 122782.4
----------------------------------------
Recipe # 127
iPgIpVwdvFjMaWQjvSGy 23740.1
----------------------------------------
Recipe # 128
AWpfrVwLDaEGCGknhJdk 65425.6
----------------------------------------
Recipe # 129
cIfkLRNEBVBAmbeqbrXe 61289.3
----------------------------------------
Recipe # 130
ccfwzryEUtsrcbaARsYZ 76928.3
----------------------------------------
Recipe # 131
EEutvxSgwVWTqeUOEFBo 171427.5
----------------------------------------
Recipe # 132
RLEGjDpECHtmWZxVwwjJ 677.1
----------------------------------------
Recipe # 133
LcblRltwhqEhNeOcibNw 79711.7
----------------------------------------
Recipe # 134
TKFyCLjkXiYxZKOUpfHr 384071.2
----------------------------------------
Recipe # 135
ywBJjWJGWOqsTmTBjJGk 20170.0
----------------------------------------
Recipe # 136
pLcnCJsyrfciBJziOkGz 101898.9
----------------------------------------
Recipe # 137
jHJkibqPOZRrfQQYMYmr 111.3
----------------------------------------
Recipe # 138
ZcyJAgjaowQBUSGrMfvM 11331.3
----------------------------------------
Recipe # 139
tYdFPRpjapDDlCFjYJdk 15670.1
----------------------------------------
Recipe # 140
djdMwKXhxpYMYzWmlXtS 16145.1
----------------------------------------
Recipe # 141
yarNptXVDMSedAaNDOYx 23246.3
----------------------------------------
Recipe # 142
GPLcQTlSmYIggnLmYBqD 52489.1
----------------------------------------
Recipe # 143
PdUfbQvZtinaxfTDDWzD 6953.1
----------------------------------------
Recipe # 144
mVsHVEjpeWrAgXjOFMaL 35793.8
----------------------------------------
Recipe # 145
MWYcuJXsKhFMtolgYvsk 49862.3
----------------------------------------
Recipe # 146
jrIRmeFbtkhxuCdaGpTD 75399.9
----------------------------------------
Recipe # 147
xkllVRahBcEpYHdMHEBe 176629.7
----------------------------------------
Recipe # 148
njgBgcDMYIGtiejdINqh 9199.3
----------------------------------------
Recipe # 149
cEAEoXmLUKRnrDiwfkRW 58015.7
----------------------------------------
Recipe # 150
GqaQXzBaCVLeTgPQEUGE 64891.1
----------------------------------------
Recipe # 151
gZPVHtnsPIKymjhUTmIv 28113.4
----------------------------------------
Recipe # 152
apjsNvKuGeKAlbcbtAQS 770.2
----------------------------------------
Recipe # 153
wQTHoPjCOOOwjhtkYxXs 183380.1
----------------------------------------
Recipe # 154
eiyYMcdgHIikCGYfwLWi 74704.1
----------------------------------------
Recipe # 155
xpSIDIepKNpZCMzHomxq 54950.4
----------------------------------------
Recipe # 156
jXKzVvUHyVcEuhqIRqeh 251336.6
----------------------------------------
Recipe # 157
bzhiMBUuaIwTWQWbdGqs 37199.6
----------------------------------------
Recipe # 158
BGjLOIjGvypFWZNClxig 12126.0
----------------------------------------
Recipe # 159
jcIgThsOcncESjvaCzRS 56814.8
----------------------------------------
Recipe # 160
UWtSuZzdDfskYCLYdXpF 14285.4
----------------------------------------
Recipe # 161
hFVqIDQMQjVPNvGGNMog 291342.0
----------------------------------------
Recipe # 162
UQSZIUKEcTDoYAlIZAHK 327.0
----------------------------------------
Recipe # 163
PAtpMgQGFuChTDwOHxFt 55789.0
----------------------------------------
Recipe # 164
PHWUuHhJvsSBHXQyUHRb 4277.7
----------------------------------------
Recipe # 165
GWQLnfPmQLErFoYpPApn 114648.8
----------------------------------------
Recipe # 166
wiHjtgHvfllLmaUyOMNi 14194.3
----------------------------------------
Recipe # 167
jbUwpIKKlmiAJHqKApwV 60025.4
----------------------------------------
Recipe # 168
GExHwNBIvCJiYwJjAnWN 104037.5
----------------------------------------
Recipe # 169
gfcXSCKPrlNlICZHFSzu 10700.5
----------------------------------------
Recipe # 170
lObQbXEyasuCyZwuNLTX 20665.8
----------------------------------------
Recipe # 171
doYohDiMSOWzfYvTqxve 20933.8
----------------------------------------
Recipe # 172
aWPYUYRzpfaCQyoQyxeC 5043.8
----------------------------------------
Recipe # 173
duubHfsCtmWSygRPDHEX 14293.4
----------------------------------------
Recipe # 174
qyQUrlsgadkxxfxJfFiy 3867.5
----------------------------------------
Recipe # 175
QoAGoaUcVvpRVnBIpgAI 61312.0
----------------------------------------
Recipe # 176
wORbfJCDOEfGnKvStXFY 8725.2
----------------------------------------
Recipe # 177
dTAjRXZUBZWGzcjbSLQo 97134.6
----------------------------------------
Recipe # 178
ldlcgryDOeBnyMYyPfsm 147277.2
----------------------------------------
Recipe # 179
BoTLxEOBschiluCZTHwf 22589.9
----------------------------------------
Recipe # 180
pDQoDlbRywBPJnPKAqCB 11046.2
----------------------------------------
Recipe # 181
ypiCfKXlkgcJTMZLCNiK 98246.4
----------------------------------------
Recipe # 182
ymyfjgaMbeGMXMBDZbaE 24102.0
----------------------------------------
Recipe # 183
ouIIPdcGSAhPsHxICOtc 88369.4
----------------------------------------
Recipe # 184
cvKNsrmPKgCyxWjQNgWE 49478.4
----------------------------------------
Recipe # 185
IyZWeSceiyLuSrzSsYjc 35385.7
----------------------------------------
Recipe # 186
OqciyWLRscWaQKClpKDW 109257.1
----------------------------------------
Recipe # 187
lzZPGlotGClkTytEqhTh 6701.4
----------------------------------------
Recipe # 188
lxebbXDYDkZcsPPDwMcB 63896.9
----------------------------------------
Recipe # 189
wlOeKSPyWINcOOhGtkKU 229853.3
----------------------------------------
Recipe # 190
BfsuEhiXEDVmvoKXHSPv 4732.7
----------------------------------------
Recipe # 191
EoXUqhUBfQReueLMrDbW 58945.2
----------------------------------------
Recipe # 192
pFYkVhjgYTdjBRjVQvlK 4268.8
----------------------------------------
Recipe # 193
xoKTbUMKXhAqYOOZUdwF 41924.3
----------------------------------------
Recipe # 194
RjGRFpGDyjAuRWpxjeec 283074.0
----------------------------------------
Recipe # 195
nnnLIfSsgbMhunzTvDRu 51652.2
----------------------------------------
Recipe # 196
QfmSxkPcubUQBZtjaJpy 686026.9
----------------------------------------
Recipe # 197
BoIyZRZesreYKVZieDbq 56703.6
----------------------------------------
Recipe # 198
uJCqSFgPTleQPazEiFtA 43833.4
----------------------------------------
Recipe # 199
JAVIAHBmwKcMzvpoBVSo 76846.9
----------------------------------------
Recipe # 200
mmSmDbcNPqFVQCkqBzyi 1937.6
----------------------------------------
Recipe # 201
ebDURZOjmTQCSblswZRs 30594.6
----------------------------------------
Recipe # 202
uXyQfTQJsrHXxsanjufA 12654.2
----------------------------------------
Recipe # 203
MTEGrAwmpVYresfNCyRG 88160.2
----------------------------------------
Recipe # 204
lVhpGImSIyPQALOCSImg 26891.0
----------------------------------------
Recipe # 205
ZhmNeGGtZPEubqAhoGzI 4977.2
----------------------------------------
Recipe # 206
zXPQMILHIxSAEhrJyPRv 10471.7
----------------------------------------
Recipe # 207
prbzPsvyQjzzKPtsKpVH 60139.7
----------------------------------------
Recipe # 208
ULeFilKOatyIhZlcrzsm 49888.8
----------------------------------------
Recipe # 209
fJbksrbIsdYDbEPHLKAO 72617.1
----------------------------------------
Recipe # 210
cDQchehgfSIGnFIAbUUf 10072.2
----------------------------------------
Recipe # 211
dOcBehqlqYMVOHvxBOIG 8687.9
----------------------------------------
Recipe # 212
gVkgfKFJRcLxYuUqlKbY 1519.4
----------------------------------------
Recipe # 213
IOtdyUDYFhxAHeJYwLGy 3943.7
----------------------------------------
Recipe # 214
gmmbuyPIARclVIlEMDcq 5812.5
----------------------------------------
Recipe # 215
LyfZTgfROoiEVOgwnTHU 128357.6
----------------------------------------
Recipe # 216
ZxMvErfvPGxZlwKipdHy 262872.0
----------------------------------------
Recipe # 217
wlpLvRjGXxpJBJAXQiwf 7027.3
----------------------------------------
Recipe # 218
RzYnAALsblCAnIKGcTfk 38715.0
----------------------------------------
Recipe # 219
nLlwozJFJUqELLfhVadi 10824.7
----------------------------------------
Recipe # 220
YdbKAZEtFIvzleYdhtMv 293.8
----------------------------------------
Recipe # 221
XTZTUqIjOLdNJdmuukMI 14881.2
----------------------------------------
Recipe # 222
PxHBsKouqbbISGIKFCUd 49898.5
----------------------------------------
Recipe # 223
htlmbucrNHIDioNrYmbm 95284.0
----------------------------------------
Recipe # 224
IeqtPmwmFFZnmdjQDnrI 3236.9
----------------------------------------
Recipe # 225
qTUSjbOJsxRvwcLtNsfW 39581.1
----------------------------------------
Recipe # 226
jAOvgCbJjkFznkJynTuZ 43265.3
----------------------------------------
Recipe # 227
IEslnvgwZZtQPPxmDZtb 795326.2
----------------------------------------
Recipe # 228
PgNDKhLpHNIQtnoDxrbI 8872.5
----------------------------------------
Recipe # 229
cDIyoQOzvwKLUaEMBZbr 33395.6
----------------------------------------
Recipe # 230
YMWqmhKXdcbowyvPCxjX 88179.0
----------------------------------------
Recipe # 231
rBxrzxkSKvelKsuMAGLb 111203.4
----------------------------------------
Recipe # 232
OjNoQOjUZsJrikcinJup 1855.5
----------------------------------------
Recipe # 233
TNalBTWuDiiquCUoGGav 96505.8
----------------------------------------
Recipe # 234
RlCpPlbgdDOukErAiXPi 3856.1
----------------------------------------
Recipe # 235
qlNpBYpvNFbJQrYRnltJ 4523.3
----------------------------------------
Recipe # 236
BfJEDUfMsDXIPPwNFXIp 59996.8
----------------------------------------
Recipe # 237
ONOjcUpbRaQVURcKMtJL 5925.2
----------------------------------------
Recipe # 238
RPUzOJrTFhMWhFdTGlWB 62268.1
----------------------------------------
Recipe # 239
vlgOiubTqaNiaMpBYMeR 33520.2
----------------------------------------
Recipe # 240
ZYZtlZQnKCjnyVtftWle 14350.7
----------------------------------------
Recipe # 241
wwFEAWmXmPoPAXcTvQcj 201364.1
----------------------------------------
Recipe # 242
YdJHuYnWcXNMwMuBzvDF 54768.0
----------------------------------------
Recipe # 243
PkwQLZPSPXZxCkQssEqi 13836.5
----------------------------------------
Recipe # 244
MRKwpGMevOgJFoauDnkZ 181210.7
----------------------------------------
Recipe # 245
mNWBOvIkRpwGygnBTMLT 5922.9
----------------------------------------
Recipe # 246
XMQtVxXRLDAlFzCBvreR 1691.4
----------------------------------------
Recipe # 247
iTfqhFTNgShaNQnfeLDG 14351.8
----------------------------------------
Recipe # 248
CrlWBCaKMMzGNmuWRRMa 77047.9
----------------------------------------
Recipe # 249
AHcMzTdcgEcHLQsEYlSt 7273.7
----------------------------------------
Recipe # 250
IIqZbCzuDZxqCQnWVrKn 8737.4
----------------------------------------
Recipe # 251
wqsxQdABenVXwVocjtdy 27114.1
----------------------------------------
Recipe # 252
mCCFneDXzBXuuVftMDQe 64649.7
----------------------------------------
Recipe # 253
HIwhxSucddhLHHdskUwK 822.8
----------------------------------------
Recipe # 254
zFpzyXjPhgFVnoXQqacU 2254.7
----------------------------------------
Recipe # 255
PBfwAbCcQOlGusxupzRy 2195.2
----------------------------------------
Recipe # 256
QRVlWplhOFgaMLFYQssB 15874.0
----------------------------------------
Recipe # 257
ZYYAPASowHjdmwDaozeE 12791.5
----------------------------------------
Recipe # 258
uEOYaagAzpoyrbmtJhJw 33779.2
----------------------------------------
Recipe # 259
kthsTfrZQurJuCwsXGMG 87254.7
----------------------------------------
Recipe # 260
lKVafEIiXBXWodfKzRMb 42314.7
----------------------------------------
Recipe # 261
FCTFhhJrhPuCVIYuyWIm 16221.2
----------------------------------------
Recipe # 262
qNLDerHeHIgKYbAJuDWJ 4813.8
----------------------------------------
Recipe # 263
zCsKyEqIpkzBMThVkBnz 13624.9
----------------------------------------
Recipe # 264
qLDWwicwjqCFhAYOzXSm 9931.5
----------------------------------------
Recipe # 265
vjOOoFNyLLxWkxpurFGq 23435.8
----------------------------------------
Recipe # 266
tdLcuKWBUNKCMCHlKQhw 28227.5
----------------------------------------
Recipe # 267
WIfohKNbCrBprqfKCSOx 142350.4
----------------------------------------
Recipe # 268
qnJryoySKIduMquqjJpE 625718.1
----------------------------------------
Recipe # 269
igqnNhvPbRAXlWvOrFOW 31206.2
----------------------------------------
Recipe # 270
ungwGOlNfSRpMXAPHQnM 150907.2
----------------------------------------
Recipe # 271
aeSYErKuVJENUxNZIhGt 7160.4
----------------------------------------
Recipe # 272
ZDJqbQHyAOTZyVGYbGBj 1579.3
----------------------------------------
Recipe # 273
PDKitKUVCNSVuFNUuNKx 797.7
----------------------------------------
Recipe # 274
vUiDWQAHNrrHnpGoICfJ 52502.7
----------------------------------------
Recipe # 275
JHyRsnkwyLjnvcapTnnM 30773.9
----------------------------------------
Recipe # 276
VnNOJYuJSnmsZhxKVEGb 10845.5
----------------------------------------
Recipe # 277
bBmdvXlSlwEOqKRVENfB 27869.0
----------------------------------------
Recipe # 278
UjdorSSqZIokHsNhoiou 85949.6
----------------------------------------
Recipe # 279
GqFybWZaGbiLKguXGFLL 393808.5
----------------------------------------
Recipe # 280
GMsCBMUmAhBFmNlRfvYo 144759.6
----------------------------------------
Recipe # 281
LtJdhYswJItJQcuGxteD 4361.3
----------------------------------------
Recipe # 282
ZuUhhHLCkrALdixLskiI 72979.2
----------------------------------------
Recipe # 283
UmBRGbJpDQuEgpqRfQtM 26465.0
----------------------------------------
Recipe # 284
hhTQtvVWNtjHKoRjiZUi 21146.4
----------------------------------------
Recipe # 285
FeQYGsztvazqOWmbDyAs 568.3
----------------------------------------
Recipe # 286
bfsTkMbRSZTaCzEPEgOX 16144.3
----------------------------------------
Recipe # 287
jrrpXlSySqEKUXcLeqAI 11333.1
----------------------------------------
Recipe # 288
CavrZlWcZcrRgzAwkNib 61396.5
----------------------------------------
Recipe # 289
RSgnBbXAovpcsFdsSfJg 433.2
----------------------------------------
Recipe # 290
wFRINFbUrghAOCbShXfN 52193.4
----------------------------------------
Recipe # 291
DEaEoJrIaLHZruhrepkj 130268.6
----------------------------------------
Recipe # 292
FOdpXPmavyTkdlpMuwiP 3070.8
----------------------------------------
Recipe # 293
ClTKIOFBXBpHAbEGzcAO 90535.6
----------------------------------------
Recipe # 294
hsTwueKVHEQQsWmrNMUq 68300.2
----------------------------------------
Recipe # 295
nnkQzErbxZKwDDxUfsEx 2510.8
----------------------------------------
Recipe # 296
PEfpgkuXymlMZoVTMiwX 8376.4
----------------------------------------
Recipe # 297
JElSAmCCsxgZYSgpEvgh 15309.8
----------------------------------------
Recipe # 298
XRVFhOUEvZVCsFAOyFaS 56181.0
----------------------------------------
Recipe # 299
GnfokUBhJzDpqwGvQxUs 23216.1
----------------------------------------
Recipe # 300
BTNjbFxKSVCXslkIaphB 8377.2
----------------------------------------
Recipe # 301
ebFPEyAFopQgbcRJGIFp 34933.5
----------------------------------------
Recipe # 302
zFPyoVefAGzZugSBAvdw 14848.2
----------------------------------------
Recipe # 303
ydIdOpxiAgGRoiltnlfs 17604.2
----------------------------------------
Recipe # 304
jzlViaNqIqkRcLriyAjM 153469.9
----------------------------------------
Recipe # 305
CzcjsYrlpvFndajpJHsl 105261.3
----------------------------------------
Recipe # 306
jcwbcGzxvqSItBWMDFWd 5109.0
----------------------------------------
Recipe # 307
gjzyHNQpfFnqJZcRQpwk 6172.0
----------------------------------------
Recipe # 308
OdvbDAdHMDrPWRpKviss 24246.0
----------------------------------------
Recipe # 309
oZAiYwPBpaYpWpSvsbnx 2452.1
----------------------------------------
Recipe # 310
uPBFBzBpijGiUJxrATrb 26382.8
----------------------------------------
Recipe # 311
kplWZVDaUpffldyWtLMN 319565.2
----------------------------------------
Recipe # 312
APPbBUOYspNGNVOPaXov 94075.2
----------------------------------------
Recipe # 313
ZvcpzuhZtlcLNllniDZq 22073.3
----------------------------------------
Recipe # 314
XfopvEZBuAgqbWujJvBN 48411.2
----------------------------------------
Recipe # 315
ABIDHjWpbfjsCsYDRnYk 141525.9
----------------------------------------
Recipe # 316
WKIHJgZddINRFWFNaxaA 93744.8
----------------------------------------
Recipe # 317
RHKboggVXdlMEbVAbYuZ 15968.9
----------------------------------------
Recipe # 318
OpXWnnidxoxQZyrkziuj 90225.4
----------------------------------------
Recipe # 319
voEEpLyQdYgFBnGYNcUn 684835.2
----------------------------------------
Recipe # 320
FItNmHRdXQExnVWPamNg 42469.7
----------------------------------------
Recipe # 321
rwYLQeLDlNkicxVGNrFt 879.3
----------------------------------------
Recipe # 322
fKKwBVIJIssQZBfQPvCC 92118.6
----------------------------------------
Recipe # 323
MbalTsNxgkNizmMyZjlD 27018.0
----------------------------------------
Recipe # 324
bdeMtIiSLCQukxkNTxSF 9320.7
----------------------------------------
Recipe # 325
zuobIEXkNlIAJxmFLrhX 39646.4
----------------------------------------
Recipe # 326
ojadrFnCxIryiOPsBBEJ 72625.7
----------------------------------------
Recipe # 327
pzGMOYcsLnxaEiZbkfGp 330951.6
----------------------------------------
Recipe # 328
xHzuNhRSIGtIMhyEpoHT 101984.4
----------------------------------------
Recipe # 329
HXTLbixxOmclvFROSFOm 42973.0
----------------------------------------
Recipe # 330
wVbWhuBKepuMSnMZORNi 7146.6
----------------------------------------
Recipe # 331
BorPpkwiWUxuKCAVakVI 122532.9
----------------------------------------
Recipe # 332
zrGMpwRjfBEejJxFlDgH 7575.7
----------------------------------------
Recipe # 333
jTJMxpYMqoCmxRweYYmb 16758.0
----------------------------------------
Recipe # 334
GIzwbZvGfTlPENRQiasr 170445.2
----------------------------------------
Recipe # 335
nYWQZjBUKXhhMDwoFLCF 336.0
----------------------------------------
Recipe # 336
nPaivqQbNfDbEKxFzMie 62084.6
----------------------------------------
Recipe # 337
WwkaLejjeojvQWkLGXls 9021.6
----------------------------------------
Recipe # 338
wIRcraFiObgSsQskhhne 18422.2
----------------------------------------
Recipe # 339
LHKcGjWhDSapJRyoQLxV 72851.7
----------------------------------------
Recipe # 340
MtywSAzBodFsEGLpSPRl 32165.0
----------------------------------------
Recipe # 341
ZeykEgaRHJdzplOubxhN 39336.5
----------------------------------------
Recipe # 342
FLOdYzpdcOmYOlGFijMO 3296.8
----------------------------------------
Recipe # 343
WGgLlQmilAjYoBQyJFcX 13252.3
----------------------------------------
Recipe # 344
uoMRuupmtRWVCbsDLVhE 494.2
----------------------------------------
Recipe # 345
FxWtHQqxoFiTXAEwfrue 108800.3
----------------------------------------
Recipe # 346
SOwCuzOMMTmBcDqcWDRz 24638.7
----------------------------------------
Recipe # 347
fTSNriaoCnFWLQJcSWGy 91665.0
----------------------------------------
Recipe # 348
nqHEXMduZqqbkGvcimJv 78477.9
----------------------------------------
Recipe # 349
gXoteBOAXDihFajpceEb 85426.6
----------------------------------------
Recipe # 350
tyTgkrqrsCUqTWblHweJ 55026.7
----------------------------------------
Recipe # 351
VJoNZFVacOBENIrNxpTu 2530.0
----------------------------------------
Recipe # 352
IDApKAgjODSWDJoAzYKm 11334.4
----------------------------------------
Recipe # 353
oBxqmWFFvAXIXqADkmvu 21675.9
----------------------------------------
Recipe # 354
qRHjJZgZtNhElRIChTly 18661.8
----------------------------------------
Recipe # 355
xiOZzNqcesAZUFSZOFub 39486.1
----------------------------------------
Recipe # 356
pGUzLysheaHThiqPHqiv 58569.3
----------------------------------------
Recipe # 357
XwfggCmKSeZMjIHMnYYG 8253.6
----------------------------------------
Recipe # 358
XArPJmgxKEHzmQExJXHH 34202.0
----------------------------------------
Recipe # 359
UGNDSMHWJNfAxiJuuIIO 2676.6
----------------------------------------
Recipe # 360
OlLNmFbhCPsJnaiQlScE 25830.0
----------------------------------------
Recipe # 361
xCdMLkXGNraLjNCpjHrv 177.7
----------------------------------------
Recipe # 362
mfRtECPqjcHTmvWaTxhD 88461.6
----------------------------------------
Recipe # 363
vimDMCyLfmFudnPqULtf 165250.8
----------------------------------------
Recipe # 364
hwplpYNOqDvLtyCxkOTG 19373.6
----------------------------------------
Recipe # 365
KxGBcXMHQDeRGIseEqiV 16547.7
----------------------------------------
Recipe # 366
EKnKeHZjkWbsFryhpifS 5241.5
----------------------------------------
Recipe # 367
mbNHnTwUdxgoMVejbcYC 105638.4
----------------------------------------
Recipe # 368
WbTXlPVoStTNuwKABaaw 12962.3
----------------------------------------
Recipe # 369
YcHrREFTSRpyzFMnBusc 3555.5
----------------------------------------
Recipe # 370
PZotsKonhdmYdEDJScyf 97326.5
----------------------------------------
Recipe # 371
GNxohwiOnztIYmYRaqdf 56767.9
----------------------------------------
Recipe # 372
QPJAaKKeKbXDbUGKxLkN 391008.2
----------------------------------------
Recipe # 373
izrKctxnSbMsLqrWQnBp 67707.8
----------------------------------------
Recipe # 374
KhoQPuObFlOvXqStdorR 10523.5
----------------------------------------
Recipe # 375
ipyzLVmCcvmMDDvFmcmA 2869.1
----------------------------------------
Recipe # 376
QAOcCavRnsSYAgmgehgD 16259.9
----------------------------------------
Recipe # 377
RhHIIHgixNztlMIshAxk 26299.0
----------------------------------------
Recipe # 378
jYpAqxCZwySZAmLZAqxM 13029.0
----------------------------------------
Recipe # 379
zuJxYODUscuhHjDBplFw 17594.5
----------------------------------------
Recipe # 380
JJGkkNsIKyAtyKSqUdqz 174568.5
----------------------------------------
Recipe # 381
tJrHvYajQUGYPzWYbGAG 192937.8
----------------------------------------
Recipe # 382
IZCHJddfGYauiaOolfXj 95076.0
----------------------------------------
Recipe # 383
iOtXWrsovJtxqxMxzXPG 25488.1
----------------------------------------
Recipe # 384
VRtFpuNrepQxQYsEMmKR 124.5
----------------------------------------
Recipe # 385
ajaiumrGrKKKJRKbVBau 69479.1
----------------------------------------
Recipe # 386
yagvvpATIpFOWFtxueOT 26817.6
----------------------------------------
Recipe # 387
iiZeIEbbTIOkLckCpfpg 62718.2
----------------------------------------
Recipe # 388
RnxwHQTRPGIxVBFvkNOp 53317.7
----------------------------------------
Recipe # 389
jVjjDeBWiQugYYRJiksg 176417.8
----------------------------------------
Recipe # 390
WnpBHTfGLSLzXpRCvGwb 238320.0
----------------------------------------
Recipe # 391
YlRBiMFvipFsCgTiAiat 3139.5
----------------------------------------
Recipe # 392
DArjZbqxgwLcokolBmoe 32394.8
----------------------------------------
Recipe # 393
bxuCXgWXOCCcBbUTMyVZ 82704.5
----------------------------------------
Recipe # 394
whlgZWNrtVGbeEVZtdMv 17549.0
----------------------------------------
Recipe # 395
xQYOGaAGlPhivEjCZBQM 2131.2
----------------------------------------
Recipe # 396
LYKSQtLiDARCCXlYSKgh 24727.7
----------------------------------------
Recipe # 397
dBnGFgGNanEeoEDzEYed 8484.9
----------------------------------------
Recipe # 398
COCnjdUuXfALiffiURuk 408535.5
----------------------------------------
Recipe # 399
nzdGCxwHwHgIqKSRDnmA 30815.4
----------------------------------------
Recipe # 400
gezwdApojnFijEtTwsiA 8384.5
----------------------------------------
Recipe # 401
VfcjXkWltgUpWFlRCrSg 1979.8
----------------------------------------
Recipe # 402
IxcjSbgqrTRNcseRTjYb 4373.3
----------------------------------------
Recipe # 403
dRVCFbXlQcHktAVIAsXr 110099.6
----------------------------------------
Recipe # 404
FupsZWaCxlSVFLHrQPSE 8473.5
----------------------------------------
Recipe # 405
sUFVDTEFlXMDdOXGksUJ 128860.9
----------------------------------------
Recipe # 406
IlHmsifqiNdPVlOREigP 22734.8
----------------------------------------
Recipe # 407
EGdKdNCvNIoSTBcvkiuI 1098.5
----------------------------------------
Recipe # 408
xVVMoTvPpfQepJiJPJBI 3101.7
----------------------------------------
Recipe # 409
abHfhftUlpQbgRvTNJHP 18306.7
----------------------------------------
Recipe # 410
ukItevDSAOVvBnBuQrhG 88241.2
----------------------------------------
Recipe # 411
cftJlpfMAefJkWYbTxSo 108979.2
----------------------------------------
Recipe # 412
EEfuxOgRSmOmbYlgwKMx 161903.7
----------------------------------------
Recipe # 413
ZMvmAZLRDwmHrGaKWipN 31592.3
----------------------------------------
Recipe # 414
RSPETZzmVGhjdVMUNKXt 23065.7
----------------------------------------
Recipe # 415
pyhncPhyIVZfExiSkhOZ 115048.4
----------------------------------------
Recipe # 416
jpDCdNIQLNXdWvAZkzMj 18598.0
----------------------------------------
Recipe # 417
wNvIrbSxvrQCFzWkBtQx 3742.6
----------------------------------------
Recipe # 418
AAYZPxYWGuaYcWWSxZsD 72887.0
----------------------------------------
Recipe # 419
mniaInoxdBWCgmNhYUij 691512.8
----------------------------------------
Recipe # 420
VDbPnfUztjvuelEyTqRf 89891.5
----------------------------------------
Recipe # 421
FCjmoUCTcONUjeBGlKIP 8943.2
----------------------------------------
Recipe # 422
bWVRqKHkVKCmAFBJGpRt 53475.0
----------------------------------------
Recipe # 423
gwlnVeBnqkHPeJPxLDHh 49563.6
----------------------------------------
Recipe # 424
wRknyJrGsoqHCTzWAVEh 4307.6
----------------------------------------
Recipe # 425
wnwUCrSoEdXPzSnJGOzD 140389.2
----------------------------------------
Recipe # 426
mKkDMusvvIDRrrpqOsWE 5431.6
----------------------------------------
Recipe # 427
RxwljfesAAPfRlpAEEGh 118605.4
----------------------------------------
Recipe # 428
JyhSlSpMGzOUezXlHkdJ 59488.4
----------------------------------------
Recipe # 429
dYhtMFltawzzYwKTqoYm 39324.8
----------------------------------------
Recipe # 430
BwSswWSrrEwJIyxiRAmi 2618.5
----------------------------------------
Recipe # 431
uzRuxQOrxbzODkzsHXCD 35146.5
----------------------------------------
Recipe # 432
JucAetDnfiRTndHDvKij 86371.4
----------------------------------------
Recipe # 433
SdAETHxYynbDTHWZHBen 9539.2
----------------------------------------
Recipe # 434
yuDtrEDaAxANcFFPFPmX 4720.1
----------------------------------------
Recipe # 435
MKmGGGfSRIbknVjMNmRa 132868.8
----------------------------------------
Recipe # 436
ujhlthHHNiIRWaMatScy 71769.6
----------------------------------------
Recipe # 437
vmdqUkmreeSbwOfQniDw 18099.2
----------------------------------------
Recipe # 438
lZgYYPuOaOfAZpjjXuDv 51306.0
----------------------------------------
Recipe # 439
oAUzNyExcOfrwaNtfYvv 20194.9
----------------------------------------
Recipe # 440
vUOcYGSFuQDmGQQnajmd 12816.2
----------------------------------------
Recipe # 441
OLxyPRIlzyBQIulLXlHu 56006.5
----------------------------------------
Recipe # 442
PrlFVfjdpUrmqJYieHex 46182.9
----------------------------------------
Recipe # 443
rnbxtjotWFPrxdthbKLG 55920.0
----------------------------------------
Recipe # 444
ROOdYYetOfQZTdjktbqe 36884.7
----------------------------------------
Recipe # 445
RsBkigSgjwcoUzcysLDN 26154.5
----------------------------------------
Recipe # 446
WgoFqTWAQmWMmAHcKxMy 6447.0
----------------------------------------
Recipe # 447
aGKUuGrtOzGZCCEsWHnP 8747.3
----------------------------------------
Recipe # 448
FBwykimRXjnqTAQbInhS 43480.5
----------------------------------------
Recipe # 449
ECtxVQBGBMNgHNxhmYSo 8251.6
----------------------------------------
Recipe # 450
kgVEyWWfOZDOepyNlkTE 26567.0
----------------------------------------
Recipe # 451
xEdYiJXjaBMBcGvmCLhp 41903.2
----------------------------------------
Recipe # 452
dcMejZrhGvSPLZwAwQfe 13874.6
----------------------------------------
Recipe # 453
LslvjLtYEuyXOOhVCLyD 2670.4
----------------------------------------
Recipe # 454
fHBryOWFRgGSWuNGKxYd 68631.2
----------------------------------------
Recipe # 455
lweTTfnRyTaLYdKJIFOg 16854.2
----------------------------------------
Recipe # 456
oBsoQgMPsMHBQXVIMYqP 48510.0
----------------------------------------
Recipe # 457
gBgUGDNdIXEHtLVjYHjn 163007.3
----------------------------------------
Recipe # 458
GeRaaWKzRISDOtGdBHZi 48515.6
----------------------------------------
Recipe # 459
MZNgZzGhTgJeJGXaLxls 105513.2
----------------------------------------
Recipe # 460
FebltLXffRhAciKvpATT 179987.7
----------------------------------------
Recipe # 461
TWsVGmQmVcqSYkrBTNRB 34581.9
----------------------------------------
Recipe # 462
auCvOizwDKhzEzEBjgqU 88400.3
----------------------------------------
Recipe # 463
rmWOGccUVKGsPvKAQLcW 63075.0
----------------------------------------
Recipe # 464
ASswRTJJpFJwucKEvZXO 6805.9
----------------------------------------
Recipe # 465
yoCfYcUlffZcBSphfdES 6640.3
----------------------------------------
Recipe # 466
zRVCHtmJcATAUlMwaWue 39277.4
----------------------------------------
Recipe # 467
RhPbTjkaitaSrPRUTTEe 46748.6
----------------------------------------
Recipe # 468
KXuPXsQMsBYeUXTQXfJz 55673.9
----------------------------------------
Recipe # 469
VllTRccaWmCiSBkabVnE 85720.2
----------------------------------------
Recipe # 470
KjFZKFAhNwmpunmXJpjO 144183.3
----------------------------------------
Recipe # 471
mVoIKiuMZaYgBDAyJnsm 19734.0
----------------------------------------
Recipe # 472
NjpFsIPsHKoMHpSbvoct 37916.7
----------------------------------------
Recipe # 473
uvujDxFWpREjTsoUiRFI 43084.6
----------------------------------------
Recipe # 474
qACgynNeEDpAbEWYHejJ 4410.2
----------------------------------------
Recipe # 475
piFHGcidanrMvJPWMGoY 66177.1
----------------------------------------
Recipe # 476
UwHzZntQsFdSgGRNbomO 1839.1
----------------------------------------
Recipe # 477
hDtbKsPPQdtsepzlgFJA 78635.7
----------------------------------------
Recipe # 478
OInDrBbEchvqiGrHnICR 138673.9
----------------------------------------
Recipe # 479
cRsycpQsjGhEdzqsKuyK 35384.0
----------------------------------------
Recipe # 480
MbWEksetRgnWKxCumSeX 5983.0
----------------------------------------
Recipe # 481
JGtmpFwZNeUuLkeGPDDP 5151.0
----------------------------------------
Recipe # 482
tCTNSxGbWWmlihlIUpZz 87487.1
----------------------------------------
Recipe # 483
aDaYwhcVdTXjysWQoBqa 19750.3
----------------------------------------
Recipe # 484
eBmcciSuETSzCwyfKSix 40108.2
----------------------------------------
Recipe # 485
DabGnLoWixGwMBVRkarI 65207.8
----------------------------------------
Recipe # 486
IZDPFLMDnvHKbzqXSUci 50512.5
----------------------------------------
Recipe # 487
USLqNRayEkCLiUyMEtfR 15985.3
----------------------------------------
Recipe # 488
OUFdasfpqhkBBspUPhsA 17641.2
----------------------------------------
Recipe # 489
xsVcTtgISqdZnUgMQhcT 42206.2
----------------------------------------
Recipe # 490
QgiSJVHrcDSnZbYAuZKV 136903.7
----------------------------------------
Recipe # 491
fVINlkxCaGvkluTjtkCT 55251.2
----------------------------------------
Recipe # 492
YbVpwrWiYuZXAxucFckq 243.5
----------------------------------------
Recipe # 493
pxLpLmedjIEMoGyrLHRj 58564.0
----------------------------------------
Recipe # 494
vFbzcAMyOOMtTWJyedmB 566.8
----------------------------------------
Recipe # 495
EfQqbtssLuRZcUBJAhuS 13229.9
----------------------------------------
Recipe # 496
NeeRtDZTiDcemCqTRDxE 2265.5
----------------------------------------
Recipe # 497
MvJjbTACxoyiQAugWxAU 12573.6
----------------------------------------
Recipe # 498
ugHOmbRTRGHCBCQXjbEA 49241.5
----------------------------------------
Recipe # 499
yYqvlLpIZyvaDGLkylAU 12721.0
----------------------------------------
Recipe # 500
KGKlUOiqkbanyJzEuhwS 6119.3
----------------------------------------
Recipe # 501
CLdbIMEMlaVSDKFjpUIc 67053.7
----------------------------------------
Recipe # 502
TmrhGsneIJqYJeMUQFrX 127931.7
----------------------------------------
Recipe # 503
zSqVppWpIpkDcjrixcTf 21878.4
----------------------------------------
Recipe # 504
MIhgOcrXBcWMRssUADAg 67989.9
----------------------------------------
Recipe # 505
uopOftRUhhTIihDjxRXr 17708.9
----------------------------------------
Recipe # 506
lRxjoukBWdNzdXXROGsi 240201.6
----------------------------------------
Recipe # 507
frFXJVuvfPihnTyTKjXe 39847.5
----------------------------------------
Recipe # 508
nGytlwiAkWCPxrUCHQWK 33515.7
----------------------------------------
Recipe # 509
oeLWTCEEMmnzuSrTkmbk 9412.2
----------------------------------------
Recipe # 510
OzbQxCwkAVYfaxdOMmKc 96339.4
----------------------------------------
Recipe # 511
GPriSKrmqkUisNKtYfrC 17955.8
----------------------------------------
Recipe # 512
ARnGuTovOeGFcupAVByW 61667.8
----------------------------------------
Recipe # 513
yGHeflIHkbCnQiaVFqQJ 173244.1
----------------------------------------
Recipe # 514
xDdOQrlYTZRJGysOaBAk 1131.2
----------------------------------------
Recipe # 515
SYhTNGgMFLymIZltwzly 18041.6
----------------------------------------
Recipe # 516
uVNtLOnxLsbFnOkQSKxB 9989.7
----------------------------------------
Recipe # 517
GBwazJxolGCEYzWyxaVa 111355.2
----------------------------------------
Recipe # 518
jiOuuyFdxTCPlVfjEWEe 27402.2
----------------------------------------
Recipe # 519
bkPLpekeHwfNLOGYAEPb 15879.0
----------------------------------------
Recipe # 520
RjOAFlLCfcUgcwTIYBlI 13622.1
----------------------------------------
Recipe # 521
FnaxqoiLYzQosLAjFVOG 29670.3
----------------------------------------
Recipe # 522
NQmWSQZGUEOOyUpGGvJw 22016.5
----------------------------------------
Recipe # 523
QFOncjybvlfNgQrolTqq 38090.2
----------------------------------------
Recipe # 524
yIMzoASGCPeQafzQotrD 161973.2
----------------------------------------
Recipe # 525
symkzdnSIUCwZdoBZJsz 111847.7
----------------------------------------
Recipe # 526
FzcdaABAvjpCdHnUwYfX 110293.8
----------------------------------------
Recipe # 527
xeKedkMLfOkjiWGrunIQ 70882.5
----------------------------------------
Recipe # 528
BdSaByCEuukGerdsbJtx 109223.4
----------------------------------------
Recipe # 529
eKhduwqBGmTrRExXHNxU 9316.9
----------------------------------------
Recipe # 530
BZdgipaoydmxLmkBeIgU 1716.2
----------------------------------------
Recipe # 531
eIZgIseVLXStSVdhCllT 31290.0
----------------------------------------
Recipe # 532
mBOlHmCljANeNoriNBya 6459.0
----------------------------------------
Recipe # 533
kojrAcjDHvYyUrPrCWrF 30178.5
----------------------------------------
Recipe # 534
grtSvxDmuzXBCXIWGYFH 16229.9
----------------------------------------
Recipe # 535
udnkDqCdonQZlPefTaOP 35975.8
----------------------------------------
Recipe # 536
vlKURiaaYZLjBtjjUblU 227363.5
----------------------------------------
Recipe # 537
lJbxXNVwylTGROGKwGFk 15615.2
----------------------------------------
Recipe # 538
VkNhYNdiMVCawuccZiJr 171839.4
----------------------------------------
Recipe # 539
pOYBUHVlzslQXwjQmVop 21877.0
----------------------------------------
Recipe # 540
kxTWMcXcGvbZgwnanMml 9655.0
----------------------------------------
Recipe # 541
AYsrPIHeOvfyXbLBXWXa 68175.7
----------------------------------------
Recipe # 542
QlCITyCKoEDRLpNvRkGk 77221.2
----------------------------------------
Recipe # 543
vqlxqFszazUGcLArYhdZ 23513.8
----------------------------------------
Recipe # 544
xMDRMYBjSEaoMMCpVSXS 56454.8
----------------------------------------
Recipe # 545
srzscTHYLnYEInxZGila 4581.8
----------------------------------------
Recipe # 546
FJDlWOYEcyUyWHKclQmq 149489.2
----------------------------------------
Recipe # 547
wRQraVrrhTBairyiWRUg 39833.1
----------------------------------------
Recipe # 548
LLCcYTpYvqLkBwXPpTBX 38322.6
----------------------------------------
Recipe # 549
XgLRBVvmNDXdgPfUunjp 26547.5
----------------------------------------
Recipe # 550
wKMGxLcJgvJJZjqbcEMD 67166.2
----------------------------------------
Recipe # 551
RLtJzXmGKYNklUAIdGXw 986.0
----------------------------------------
Recipe # 552
SKenrtesmItFXmkrdeTi 22027.5
----------------------------------------
Recipe # 553
CVSTplcjmzNpbPuMqHbS 58.5
----------------------------------------
Recipe # 554
AMGjVXNRtnYEpXPBPStV 86102.8
----------------------------------------
Recipe # 555
KpMFdDmxnaqjYdYpLIcm 3835.5
----------------------------------------
Recipe # 556
wHUUPOGlYNRqjpmzykzG 95874.8
----------------------------------------
Recipe # 557
UogXZddHcyisfVrwvHff 2539.4
----------------------------------------
Recipe # 558
krOmAZpzxVfrydaSwXPv 341731.6
----------------------------------------
Recipe # 559
yUBFPZKGqTttyNxPeDiI 1855.5
----------------------------------------
Recipe # 560
KXaRYrZJgYLosMssgVKY 58424.1
----------------------------------------
Recipe # 561
GIisXYDRwTeKUqZtGgdS 52609.4
----------------------------------------
Recipe # 562
euGQnMITTYTtFNaCMCrs 12877.0
----------------------------------------
Recipe # 563
uXsLAWIYqDarCsaDtUcu 3364.4
----------------------------------------
Recipe # 564
esgmzzYyMcclTyypCJjo 33072.5
----------------------------------------
Recipe # 565
UuUOqizgNxLrOjolJjlA 1380.6
----------------------------------------
Recipe # 566
PhuTDUlgrPPYpnDmdZMm 4439.3
----------------------------------------
Recipe # 567
KQeaOhXoCXNHANAOkMfF 8183.3
----------------------------------------
Recipe # 568
wTlaWpqHjkpghqGqIHLk 56143.9
----------------------------------------
Recipe # 569
rkFDyTGAFJnIjMZFOdmq 873.6
----------------------------------------
Recipe # 570
yFLpvNWLMWlsTNbMzSvO 28026.0
----------------------------------------
Recipe # 571
CVTYIxvRjKaSsclTmNXj 37727.4
----------------------------------------
Recipe # 572
fFkABpiPQQSbLNJqDchO 136267.6
----------------------------------------
Recipe # 573
KZQNtcTITgLCSXyMFDUm 51556.5
----------------------------------------
Recipe # 574
YkgYCluZwmMJMxlYOBwr 59036.4
----------------------------------------
Recipe # 575
xTFIsPnOyuhKMRxKlYXY 62324.1
----------------------------------------
Recipe # 576
RiZcNUzGRFvwqPWhSIaa 33034.3
----------------------------------------
Recipe # 577
vfKKNBPQibbImAOzklPd 183756.1
----------------------------------------
Recipe # 578
agmxJTGfozmaaieayWvk 5286.9
----------------------------------------
Recipe # 579
PxyxMSLyVXIfRQHVuZoK 3554.9
----------------------------------------
Recipe # 580
xhXQdVweoIPRIMTFPMTd 45320.5
----------------------------------------
Recipe # 581
vEJQDBvwtjLeciHzDRZf 2537.6
----------------------------------------
Recipe # 582
oXXVmztIlZcMRbAicYlf 17595.9
----------------------------------------
Recipe # 583
SoEdFOWlDgLzIQRsTePs 48768.0
----------------------------------------
Recipe # 584
dsMEzJmCMJbDOatmMfvX 90095.8
----------------------------------------
Recipe # 585
LGSMiflsaBfGooVQsDDX 2463.3
----------------------------------------
Recipe # 586
tZdDzuuvMgkuXDZkEKCi 444.2
----------------------------------------
Recipe # 587
kLKeSSZedMSmARVMEZkW 122497.8
----------------------------------------
Recipe # 588
JJoIORcjEQLKmQamCowU 12992.0
----------------------------------------
Recipe # 589
dmVudplgnMQpTHmjONVY 180457.0
----------------------------------------
Recipe # 590
OERCcHGybobjHJsmorFN 19939.5
----------------------------------------
Recipe # 591
gWGdsEcmVtHIIZkEcKUE 5163.0
----------------------------------------
Recipe # 592
ueijTmMyxTDQGAMzZhiN 1202.3
----------------------------------------
Recipe # 593
uYrhsqGwqflBNWojFmzq 41640.5
----------------------------------------
Recipe # 594
nkHpoQYZYKThWOuccXEz 64761.7
----------------------------------------
Recipe # 595
gDMtoipfrColypQYASgb 107730.7
----------------------------------------
Recipe # 596
GhvJWAKJZHmxkxADRwvz 3538.1
----------------------------------------
Recipe # 597
mqXMEShToDtQKYsAvPpX 215470.8
----------------------------------------
Recipe # 598
NwrQsvuuASdhQoJgVKZj 3537.5
----------------------------------------
Recipe # 599
znNLbhwXPULbvJTccoNz 71904.9
----------------------------------------
Recipe # 600
KDlUsroRaStBlRrgEnKc 5240.9
----------------------------------------
Recipe # 601
ABYgMDLunTYMFyZyUXCl 203644.5
----------------------------------------
Recipe # 602
uukKZHZEeSvdRsEDlCqG 6303.0
----------------------------------------
Recipe # 603
mLLXHcdLdtsFLySCxGuk 6794.2
----------------------------------------
Recipe # 604
mgyvacufIqJvNUfYxdIL 1785.7
----------------------------------------
Recipe # 605
HkemzCwIisDMGcOrOuTx 8361.1
----------------------------------------
Recipe # 606
HbhmYSYirnKdSPshJxWO 15992.9
----------------------------------------
Recipe # 607
ROVyyNdfdLbSbBzBJkxO 1552.2
----------------------------------------
Recipe # 608
hIvIdazlDMsZeVCCGRkj 292657.1
----------------------------------------
Recipe # 609
hySmmSlwGviJqbLfNdlr 629128.8
----------------------------------------
Recipe # 610
ahYHbmbjHmNBvCVzdPab 186984.0
----------------------------------------
Recipe # 611
UFHUWZfBGiqYmVTWpAbd 29696.4
----------------------------------------
Recipe # 612
dqWejriuNVNDVvMrzIgu 68640.6
----------------------------------------
Recipe # 613
ksFqoUrprSquZigrtCVA 30039.0
----------------------------------------
Recipe # 614
OMNXeQQlxKWPsPIQPEAC 172914.0
----------------------------------------
Recipe # 615
ZcVJRTuMyUFaCoKXbqqd 30596.4
----------------------------------------
Recipe # 616
jjftyRCBtCZReuLufnYA 653167.2
----------------------------------------
Recipe # 617
fqqRFFXSGJXdTBdrMCVB 1347.6
----------------------------------------
Recipe # 618
mmzFnBcAliDxSJpGnbLo 44674.3
----------------------------------------
Recipe # 619
IcjlnqJMmBaFUuIEhwMP 22001.6
----------------------------------------
Recipe # 620
jLWTopLyPhLTvIilGjiM 41571.9
----------------------------------------
Recipe # 621
XbFkCqlRzEhiztOlDqYl 52631.4
----------------------------------------
Recipe # 622
oUITLUkDniQfrZTdAPRl 203.9
----------------------------------------
Recipe # 623
GbYMcICktKAtCYRUMyAv 23149.1
----------------------------------------
Recipe # 624
SvmCgrsqOwYlzWoVNosR 22422.0
----------------------------------------
Recipe # 625
PqhygWBfBZCFeiTlyrOf 64128.7
----------------------------------------
Recipe # 626
cOLgBjpubjNbXuwqcMsg 21181.0
----------------------------------------
Recipe # 627
HlcSQNOAnIAJiljFTdDk 130278.4
----------------------------------------
Recipe # 628
JqriJEjRqanHGGUzDiZX 13821.0
----------------------------------------
Recipe # 629
MiokjoMBMVYghJwetVcj 4973.1
----------------------------------------
Recipe # 630
YFGNqKRlXgVoxwgUkipb 2253.8
----------------------------------------
Recipe # 631
mOJteBmweeBLqbSdUZwc 20369.1
----------------------------------------
Recipe # 632
JuKPKHzYIJlTeSRssLac 28994.2
----------------------------------------
Recipe # 633
aEZrgCaCBjLnBSoDmvXp 4604.3
----------------------------------------
Recipe # 634
jfeddLLWUYgUEwNCtASa 379815.9
----------------------------------------
Recipe # 635
AgrqLjeiISiZaIApCCnj 121756.0
----------------------------------------
Recipe # 636
KmiKQNHsJpxmbXhoBjhk 61843.4
----------------------------------------
Recipe # 637
pkTvhpAQaGNxcgdRxeCV 170969.4
----------------------------------------
Recipe # 638
qhrtjISLQeQoHZVlsQxz 833.3
----------------------------------------
Recipe # 639
pHHctFWnhUbLQCAkdNYu 18587.8
----------------------------------------
Recipe # 640
QpKZHOlkhAVPLLnFgjbs 11410.5
----------------------------------------
Recipe # 641
UkiDBBoogUTLyXeMrSoH 60025.3
----------------------------------------
Recipe # 642
aCwjyAbTfshBWppBVxcM 15192.0
----------------------------------------
Recipe # 643
OgaKLOmnWufyHjLqoNgu 685.7
----------------------------------------
Recipe # 644
HjClmWaBuxzEvVvFanvU 3926.6
----------------------------------------
Recipe # 645
kKvJQvrpswrIEWUWOEST 102476.6
----------------------------------------
Recipe # 646
ksSxoNCSAQXxKmvMbjFD 19444.6
----------------------------------------
Recipe # 647
dfeKmEVwdVfeLJWuKZXW 39322.6
----------------------------------------
Recipe # 648
lLkdayQknRcfNfaRsTBi 6449.0
----------------------------------------
Recipe # 649
BqotqfpuUgOhXyDUVkHT 30603.5
----------------------------------------
Recipe # 650
YoWricwgFRmTdRafTgEq 114971.9
----------------------------------------
Recipe # 651
UKCBBpHIKrRckAxiLMJK 34066.7
----------------------------------------
Recipe # 652
LptCwOLlkfvuoBBPIrTw 31195.1
----------------------------------------
Recipe # 653
ulHukTNewLQSgNCncvVh 51046.3
----------------------------------------
Recipe # 654
qCskTaciruWsolTvshjh 53573.9
----------------------------------------
Recipe # 655
HTXrmbnEorwQxwYKweBD 455989.4
----------------------------------------
Recipe # 656
pAARdQNNqXvkGiOaLxIP 120400.0
----------------------------------------
Recipe # 657
bKTekOGdXGtsBzdMHeiP 4478.0
----------------------------------------
Recipe # 658
FYpBTyFQIiYNRWvxJsfj 7085.0
----------------------------------------
Recipe # 659
tcKFuJQlCTKtqCaCMRgd 3187.0
----------------------------------------
Recipe # 660
paxxgfISYWGTHWYWIrxs 33508.0
----------------------------------------
Recipe # 661
FqfWPWOnUAWFBfWTvMLj 141297.1
----------------------------------------
Recipe # 662
sIOhQPAUVrKcaAmxfYwN 151687.8
----------------------------------------
Recipe # 663
rVSxYEpMUVAjNjkEmkOW 27463.3
----------------------------------------
Recipe # 664
gMxvuWoEXpCAJHmQFkSy 21213.9
----------------------------------------
Recipe # 665
zzMeteYkUzICXgWpHVPr 116489.7
----------------------------------------
Recipe # 666
qlcgNlomYAybjZuVbhEl 56249.4
----------------------------------------
Recipe # 667
SFISoyccZsvbwyhkVmJN 98140.5
----------------------------------------
Recipe # 668
dcKhsyNiGHvWZNGBKexI 31465.3
----------------------------------------
Recipe # 669
MiDJmAtRwhmnnYmhGqTd 227510.9
----------------------------------------
Recipe # 670
FaRHTPThJIqRCofkwfNo 84856.4
----------------------------------------
Recipe # 671
tijbRfhoPIgMCPZthVvC 6767.8
----------------------------------------
Recipe # 672
sqohabdFhIZYYykWhwdI 41275.4
----------------------------------------
Recipe # 673
fVlgcnxeFInZDcPwuBrA 24558.9
----------------------------------------
Recipe # 674
wGJWtedBWqpOEnGpUGML 43025.4
----------------------------------------
Recipe # 675
UuTTmbVvPEeEfubwiLLE 114691.2
----------------------------------------
Recipe # 676
EoaQPkLTlQMNKKFuBECb 145734.3
----------------------------------------
Recipe # 677
EFkfnzagEdLyXCzcocmn 11911.0
----------------------------------------
Recipe # 678
pnfXLBuFXRlABHMipdYL 34736.1
----------------------------------------
Recipe # 679
HuwxVCeWYuYCMUbSYIkl 71471.2
----------------------------------------
Recipe # 680
tMdfowVuGYvMAyksgPet 43284.1
----------------------------------------
Recipe # 681
ymIeLfxtVfIQpOOteAje 9319.1
----------------------------------------
Recipe # 682
wPDFmFWXrDqNaEPSsTwE 42317.8
----------------------------------------
Recipe # 683
kPRQoSMmuRrTkFtSIIUq 1389.0
----------------------------------------
Recipe # 684
JzXGGxvcRGHjOxdCdZAM 72263.8
----------------------------------------
Recipe # 685
ZQVDLPqBazUgSMnfuJOi 20572.0
----------------------------------------
Recipe # 686
wzZUtDeFjzwkmzYKwndR 24662.9
----------------------------------------
Recipe # 687
qHOWFlHZpUfOWyZRGlYK 23022.7
----------------------------------------
Recipe # 688
sscuTPexxHMvCktwuuzc 67541.6
----------------------------------------
Recipe # 689
zqLLbiPakFCFEgIMRPzn 7389.7
----------------------------------------
Recipe # 690
LuFLBaaAlOeLpjMEPgyb 115353.7
----------------------------------------
Recipe # 691
gkadhcOztXlHiUZwJbpA 201275.6
----------------------------------------
Recipe # 692
WWnaHsUHQiNgcgIXIzsr 43340.4
----------------------------------------
Recipe # 693
ZOBnXGOckLoEQXCCkfiY 80056.6
----------------------------------------
Recipe # 694
YOeXRGhSpivCXBawCypQ 439074.0
----------------------------------------
Recipe # 695
IFGuMQerYFcuRrBPDibV 1599.6
----------------------------------------
Recipe # 696
rBZSwtwisaiiVxijpcii 264452.0
----------------------------------------
Recipe # 697
XiQXxOaxvyWeHTeGCIBB 2537.5
----------------------------------------
Recipe # 698
glwsRvrDlbDuGeTGUJtc 59612.7
----------------------------------------
Recipe # 699
mRJbrWcBhGKXTUmTONNl 34752.7
----------------------------------------
Recipe # 700
UnYCHMNpkzrYTxyiygtV 126556.1
----------------------------------------
Recipe # 701
VKQbqqJASpBPHlOsycsf 12348.7
----------------------------------------
Recipe # 702
FpeLqGgtbACzZrdJhXqx 75026.7
----------------------------------------
Recipe # 703
kkblzREbVgnoUlKKaHKA 50319.8
----------------------------------------
Recipe # 704
ljfnRTwaDPWqxwbRrBXI 9086.0
----------------------------------------
Recipe # 705
sTXZlrJnGRkcurKJiJoH 1983.8
----------------------------------------
Recipe # 706
zMvUXyBPqkuCeMYLDWXU 261841.5
----------------------------------------
Recipe # 707
nuDDhiembtxjajYPDEpS 73799.3
----------------------------------------
Recipe # 708
tUnUbIkHgcIjBfYjmekr 14487.3
----------------------------------------
Recipe # 709
RBPnrjmgZOSrwqNsOcrR 10929.6
----------------------------------------
Recipe # 710
pEBKKAzwfVrnqsIvzDTZ 64854.0
----------------------------------------
Recipe # 711
mDJMIUrvpVVNdDsDsZQA 23559.4
----------------------------------------
Recipe # 712
bOiaVzfWivfuVenemOpK 2615.2
----------------------------------------
Recipe # 713
XMKnwouROAdlfQigVnPc 11494.4
----------------------------------------
Recipe # 714
lqlaVSZmGnaYvIjgfWmN 38315.3
----------------------------------------
Recipe # 715
BKRQRHWxcCqXioAApAOy 16452.8
----------------------------------------
Recipe # 716
mQiJoyVvUiFeRuyOvKWj 391700.4
----------------------------------------
Recipe # 717
podkIIVuntVlSyoMjRHr 129995.4
----------------------------------------
Recipe # 718
sxQSwSwMfJSZdzSBzQmE 32379.6
----------------------------------------
Recipe # 719
YoiecpyTiKOofmQFXvfF 24839.5
----------------------------------------
Recipe # 720
XyYQVjIQxtulJiIwsRaA 4832.8
----------------------------------------
Recipe # 721
NiYsGBApnoCdVgfasWFB 65685.0
----------------------------------------
Recipe # 722
CMEkuTHvbCQQzoUCQnIy 42184.6
----------------------------------------
Recipe # 723
eYyhUmscppPfmUgTiCrl 55373.9
----------------------------------------
Recipe # 724
hpNtSywBfnawPrybdsyg 22151.3
----------------------------------------
Recipe # 725
CfGNYZNuyFQDREovRjJp 39556.5
----------------------------------------
Recipe # 726
ghSXhMwwMNMKvFUTOYzX 13603.8
----------------------------------------
Recipe # 727
sbKHXCiuwxElZbBnChEU 22684.9
----------------------------------------
Recipe # 728
sbamYtkILLCSuOncbhyR 37135.1
----------------------------------------
Recipe # 729
EIaJZzaGJYEBdZlggiwl 59532.9
----------------------------------------
Recipe # 730
EPzmdwdhmwxveuPpDYMm 7586.7
----------------------------------------
Recipe # 731
zFEmhCQmqhZtLZiyXJNv 3092.3
----------------------------------------
Recipe # 732
WhPQTuJmneuQquDXyNoG 4406.3
----------------------------------------
Recipe # 733
wQLtRZhBEpmOmeEKMcAe 51982.4
----------------------------------------
Recipe # 734
LyXYWbgzbYBuBlpdsyfF 24893.8
----------------------------------------
Recipe # 735
sJpDiqcWClEmUPTMRyuF 109689.7
----------------------------------------
Recipe # 736
YxzJoCkVLzXSPgpNVVQU 21782.2
----------------------------------------
Recipe # 737
ZLFkleXHzXeOKMeXYAAe 165480.0
----------------------------------------
Recipe # 738
jilseFTUUSIOMXyIqHZd 23656.9
----------------------------------------
Recipe # 739
YbSYebSJdCjEyNzBSLDA 6514.2
----------------------------------------
Recipe # 740
JPzFqWLvKucuXjkSYMIQ 18200.5
----------------------------------------
Recipe # 741
DeYYDAlemQrkDWBJfPnv 7132.4
----------------------------------------
Recipe # 742
NEIJNYgvKThLQDDvFgqO 18357.6
----------------------------------------
Recipe # 743
lRqBmOtqkIXtkQjHssQW 46882.5
----------------------------------------
Recipe # 744
CoNDjuNZCJIXaudTJFht 8119.2
----------------------------------------
Recipe # 745
NyJclkbLWGVOzcjwzcyl 13724.4
----------------------------------------
Recipe # 746
zmiJCDWVbRGjFIZuAwDl 35714.7
----------------------------------------
Recipe # 747
SpCQkpVyoJiAwzoXDjai 6683.0
----------------------------------------
Recipe # 748
jDKalLPhFHOxEtZqWWdG 53740.8
----------------------------------------
Recipe # 749
GmXaSZAmloVzIbAtdpCm 123855.0
----------------------------------------
Recipe # 750
byqNoihZbWKyDjMtystx 40630.3
----------------------------------------
Recipe # 751
tGGDMXMNYeEiSBHUFkJD 43643.2
----------------------------------------
Recipe # 752
wUhuIfKqNdignhwWJnHz 67379.8
----------------------------------------
Recipe # 753
tCGtMHxKrhnyBoydWfle 29341.4
----------------------------------------
Recipe # 754
WSdxkFUGgCZYwCeuunSp 5788.8
----------------------------------------
Recipe # 755
hYdtpABsagMXcsPVNZCO 134365.5
----------------------------------------
Recipe # 756
QwcJUeVczzftSRVdtYwn 53519.4
----------------------------------------
Recipe # 757
jLKhKnQVvZUYuDVnkjKi 79656.2
----------------------------------------
Recipe # 758
KfHUGUgzjAJENRxvqfFU 38811.4
----------------------------------------
Recipe # 759
SzOdUUsfvEHshrwTbHwL 265591.4
----------------------------------------
Recipe # 760
vhlKzNcZfZMsAvxvKdac 33403.9
----------------------------------------
Recipe # 761
wiuUaHCpcBOzfQiVThMj 80838.5
----------------------------------------
Recipe # 762
jMkuHYMDunOkdGDtIUTu 86861.4
----------------------------------------
Recipe # 763
fiOtSCxurWTgmKUhvvKG 4350.7
----------------------------------------
Recipe # 764
HfVJUJIvXaSvxnpqBICB 442.9
----------------------------------------
Recipe # 765
QWokAGvsBUgyXAwKEPFJ 1211.0
----------------------------------------
Recipe # 766
ATbhlmLEVzyiSoDkKqYG 38161.5
----------------------------------------
Recipe # 767
imWACkyRbfsVttUZCZiB 45024.0
----------------------------------------
Recipe # 768
zmqoiAfLSoCpGrqoDedZ 581029.2
----------------------------------------
Recipe # 769
DFdsOTgliMLMtRgJDeuo 128274.4
----------------------------------------
Recipe # 770
DssqePSDsDCzKdyiKGZF 9318.6
----------------------------------------
Recipe # 771
tAfJsjNvwlWxKtOZSgZe 454.3
----------------------------------------
Recipe # 772
RDDxWbugVxszXkofEPpE 66245.9
----------------------------------------
Recipe # 773
hvkbkzNAHtWEblVAVgzT 21262.5
----------------------------------------
Recipe # 774
dQiBJmussuwycmVSBIHn 118571.4
----------------------------------------
Recipe # 775
wSnmUdwapANRAvdWyQVI 138139.5
----------------------------------------
Recipe # 776
aunUTsXWsZzoMZeXsPIM 27668.6
----------------------------------------
Recipe # 777
zkAORcwcCENxylSxaqbZ 9244.8
----------------------------------------
Recipe # 778
YPdkLyQfQcBjyDWeISvT 157045.0
----------------------------------------
Recipe # 779
AwDMihUBrCENxDDFBhga 14689.0
----------------------------------------
Recipe # 780
UFBrtWlQNiXPUoUuYiyu 704.9
----------------------------------------
Recipe # 781
gQqgjfXsFwyrjWTNopzl 54976.1
----------------------------------------
Recipe # 782
stkdJWGhYmVtTIGFQZdD 9716.5
----------------------------------------
Recipe # 783
ywKLrVGYOxQkUbdvYqmp 571.6
----------------------------------------
Recipe # 784
ykPZUpZPaqHmmuzrQNxQ 3997.9
----------------------------------------
Recipe # 785
hAcXPntNLjIAuvtQRbmO 19861.2
----------------------------------------
Recipe # 786
GMYsWIGIgDaoOfmCPXeD 165646.6
----------------------------------------
Recipe # 787
xJOuWOjylZXPuwmMZqDt 33531.1
----------------------------------------
Recipe # 788
cKtskRwUefobIJhIZQXN 69321.5
----------------------------------------
Recipe # 789
gHTdafrNFoqslIkNaMDr 54209.1
----------------------------------------
Recipe # 790
OTUzVTSmJOJHDiTOrPBb 968.2
----------------------------------------
Recipe # 791
JRRqRXxrmygvAZHZHlKs 39824.6
----------------------------------------
Recipe # 792
akIxOBobOnDQFJINXnbe 48823.2
----------------------------------------
Recipe # 793
UKFexZmBxrONzHGjvzdV 4916.2
----------------------------------------
Recipe # 794
ZrSDVZnXclNArYCRJqob 27208.7
----------------------------------------
Recipe # 795
fWBoRESyNTWISLJbbwJd 20272.5
----------------------------------------
Recipe # 796
qEBGrLWowwJvplwBRoAo 201058.8
----------------------------------------
Recipe # 797
PvlZDKKadNCJsLfGyBWJ 47976.1
----------------------------------------
Recipe # 798
BPRpsGUUsKNHyvhgjDVA 23728.6
----------------------------------------
Recipe # 799
WXlxSCWuSTSsZIftQOTf 48687.8
----------------------------------------
Recipe # 800
KYbCtZpkWUTKGEBSNpnI 60881.1
----------------------------------------
Recipe # 801
AsvVEFoWaUsjKOOXXCzJ 33239.5
----------------------------------------
Recipe # 802
IMTfhhKShFmqGhcyWWtJ 9770.3
----------------------------------------
Recipe # 803
izllMbwcThKWpzBvqWuz 65912.8
----------------------------------------
Recipe # 804
ysNWLYGdvxrxesXaYMym 50977.7
----------------------------------------
Recipe # 805
gRhKWtouApHhAtaaFEtM 4961.7
----------------------------------------
Recipe # 806
yoIockNXMySIXnUMUyCZ 44427.2
----------------------------------------
Recipe # 807
ojqrUxAKlwkskPOxXLgY 250962.2
----------------------------------------
Recipe # 808
rzEFwQhBpqvwwzbtyMAB 283202.4
----------------------------------------
Recipe # 809
YJIZubSslnqLkCpwniyx 84927.6
----------------------------------------
Recipe # 810
zZgNgPBETapmPuklMNlT 113588.8
----------------------------------------
Recipe # 811
BaWElkyiRYCgmJgjiKPg 10759.4
----------------------------------------
Recipe # 812
PynqEPAkSLtcexoYQOrt 54707.4
----------------------------------------
Recipe # 813
ASkyaezaCytMsBjqBqnp 692.8
----------------------------------------
Recipe # 814
GXEpdWUtHUCNVJoZglfX 211378.8
----------------------------------------
Recipe # 815
nrpNUNBzOPeRYpeieXFw 23478.0
----------------------------------------
Recipe # 816
tKNOeQRIheciKTOmSDHD 43639.8
----------------------------------------
Recipe # 817
UCWCiJFxpKZxvaDsCFet 13977.8
----------------------------------------
Recipe # 818
orQvdFGVNAtXEQuIMnLm 18536.8
----------------------------------------
Recipe # 819
DxpyaKrNzdoxFlqNnWrM 1839.6
----------------------------------------
Recipe # 820
FAAcEvnEeCVnZlzrWAbs 4788.0
----------------------------------------
Recipe # 821
tqpWaxGvOIIERYtMzCxP 75762.3
----------------------------------------
Recipe # 822
YjdFKSMaOFgUbqIptkQO 39.1
----------------------------------------
Recipe # 823
dhXlfNqdXHFsfnMmYNmV 77988.4
----------------------------------------
Recipe # 824
IzbBdnMWNAkqthCSTuXT 418.7
----------------------------------------
Recipe # 825
rcnDNqQVYkshggQNfsSF 88482.2
----------------------------------------
Recipe # 826
YweFbvUNEVDeuafcrbpR 44094.6
----------------------------------------
Recipe # 827
INpUXyyCBHGFBueonPhA 11666.9
----------------------------------------
Recipe # 828
MGivzFUPXoyccqqPRmTR 5974.3
----------------------------------------
Recipe # 829
rshFUZSRJpcAkmyHqSrc 1750.3
----------------------------------------
Recipe # 830
yPknlvTRLsqepbQmsrpM 18685.4
----------------------------------------
Recipe # 831
TpaMrMiQxejnBFCsieeo 22520.0
----------------------------------------
Recipe # 832
GxAFYrblGdeeyziyaJob 22115.8
----------------------------------------
Recipe # 833
QJljbEknFywkeRPuVEkh 33554.4
----------------------------------------
Recipe # 834
owOxgcYlzRnzqImJziYb 54568.3
----------------------------------------
Recipe # 835
qUCbfZOGzajlIRxTVGXK 79704.9
----------------------------------------
Recipe # 836
qqfesfNaPagmJwjXlqpJ 462631.2
----------------------------------------
Recipe # 837
DGyPyeJRMsrxEwGuNJbX 26140.2
----------------------------------------
Recipe # 838
EphcAxPauVWkyIGInYiv 26788.5
----------------------------------------
Recipe # 839
CsJxQjDFXmgSMOKSJgkn 43568.9
----------------------------------------
Recipe # 840
vJIDiDqnTRHHBqBzxYgd 11542.1
----------------------------------------
Recipe # 841
zxlftITJRgLmxxHWgKuz 56713.9
----------------------------------------
Recipe # 842
vWtkygrcFkIzXsCxjVJE 6447.7
----------------------------------------
Recipe # 843
XEruJqHDUDUujmJZTvAq 21218.6
----------------------------------------
Recipe # 844
hGZuyGVwNCNgMYmCekHO 18242.9
----------------------------------------
Recipe # 845
xenhDSnStEGsEdGAZrfa 14335.1
----------------------------------------
Recipe # 846
BuLiDoJuJXHqGLevJbxd 1980.5
----------------------------------------
Recipe # 847
HtDigcPOLvCMZrioPrin 44720.0
----------------------------------------
Recipe # 848
YHnyajEsWhZYXfywOaEm 2232.0
----------------------------------------
Recipe # 849
qXhXVdeoVeVcrNJSpKpk 3751.5
----------------------------------------
Recipe # 850
VgwJzGKJLeHZEyFTwrik 14665.0
----------------------------------------
Recipe # 851
KjwscePMuRhmCAuAcPKX 16877.1
----------------------------------------
Recipe # 852
IIuFTKbBDMrDfibuixZP 21723.0
----------------------------------------
Recipe # 853
LLpbfVemMFaaqeCHaIXl 768.3
----------------------------------------
Recipe # 854
pIRLLfgzqfLwvyyLtXHL 101477.0
----------------------------------------
Recipe # 855
KnKbKmEpyXreDUiWGoGC 20626.4
----------------------------------------
Recipe # 856
IwbqmcsTrRqeTcvsvTyI 5722.9
----------------------------------------
Recipe # 857
iKrhzaXkxJRaXoGgwHqi 105136.7
----------------------------------------
Recipe # 858
WrADthLWLJJbRARuXqMO 59080.5
----------------------------------------
Recipe # 859
RIUZjemTVibTGvNlfjQL 15785.8
----------------------------------------
Recipe # 860
FuVdiEeXGCLXdgjQqnNh 21819.6
----------------------------------------
Recipe # 861
JnuDJhArXktmXdJCwMOt 27712.1
----------------------------------------
Recipe # 862
CLQgUNzZVgnyhphZKodE 11059.8
----------------------------------------
Recipe # 863
khidgzDjDUvCSkfivqMM 2412.9
----------------------------------------
Recipe # 864
vbTULyfKxuSAgIqkwiNh 2249.1
----------------------------------------
Recipe # 865
BAIsNrYaTcmWEjtQffAS 34481.6
----------------------------------------
Recipe # 866
LnqIsRQxGsQnuAzSLsWP 74592.0
----------------------------------------
Recipe # 867
affBWRAoUbluXuRtUkqL 134626.8
----------------------------------------
Recipe # 868
WekEWFwxNxuzuDUcDlth 37287.0
----------------------------------------
Recipe # 869
LrvEafeoxqlZKUtCoQwc 16622.6
----------------------------------------
Recipe # 870
PHrgJNFrJaaGunTGulQd 766221.0
----------------------------------------
Recipe # 871
InpznDaauRQqEUXHhRUY 24889.7
----------------------------------------
Recipe # 872
ElGaOJqiufJikYryiUtE 33802.0
----------------------------------------
Recipe # 873
cdJFgTuqHhmftTwlPPCW 6736.0
----------------------------------------
Recipe # 874
CqeIlVXVXsVKFDiJIyTZ 4795.6
----------------------------------------
Recipe # 875
BFZPGSmBBuSicxlpBldB 34359.4
----------------------------------------
Recipe # 876
PJzhRyYtpNopMieeYTyO 62167.0
----------------------------------------
Recipe # 877
RbuPeyqgkPkqhPgwgHzY 57346.5
----------------------------------------
Recipe # 878
rtkXlsPxAuAPeJyLEaPn 7202.0
----------------------------------------
Recipe # 879
UooqQlhBVFrlAtWmIWCA 563552.0
----------------------------------------
Recipe # 880
GcbvAlZVoNroPDFedbNp 1260.9
----------------------------------------
Recipe # 881
PNHYTPJnLJjVaFKvLKxZ 83263.3
----------------------------------------
Recipe # 882
KDiwhVZqzgPkjFGwwKDG 73574.4
----------------------------------------
Recipe # 883
cTnIKYVvCQsIJzMOHajA 32344.7
----------------------------------------
Recipe # 884
PyrSaVdskghhCMtSJMio 39807.1
----------------------------------------
Recipe # 885
ExSvKaohLOlDWcNxSLTc 24784.1
----------------------------------------
Recipe # 886
bRWzlFjnfiZrYQJypoDq 23610.0
----------------------------------------
Recipe # 887
CHMRQBTjpgMPMNcDdgfe 1795.7
----------------------------------------
Recipe # 888
cBVdhYMdLVClHYKBuqWD 181269.7
----------------------------------------
Recipe # 889
LobLVjSssjIrEoEsyfHS 32142.0
----------------------------------------
Recipe # 890
rVQzCzxOjyXCdfdOUDzR 20195.2
----------------------------------------
Recipe # 891
WNdoInGltVqAmRJzwTIn 305746.5
----------------------------------------
Recipe # 892
pRrHoksrrvWdwpgFqGPZ 20376.5
----------------------------------------
Recipe # 893
jzFFjeXKyQMKCbEVNPCQ 275531.3
----------------------------------------
Recipe # 894
oylHWCeRgsbwKBSwYOQN 56364.3
----------------------------------------
Recipe # 895
oSFdESkNDmgUSfqwiwna 117397.0
----------------------------------------
Recipe # 896
ajqUwSPxSQKkOfiylnVb 66386.3
----------------------------------------
Recipe # 897
CBzIRZjKKrNymczeZfnT 1455.1
----------------------------------------
Recipe # 898
PKKFLGGjcLrWyGioXMjv 11088.0
----------------------------------------
Recipe # 899
chXcyLYNFuhRpDgzGeLA 32821.5
----------------------------------------
Recipe # 900
vwpwLtqbExGfgZOrWIQF 5540.3
----------------------------------------
Recipe # 901
jBFPheuzALTirAybJxuG 395637.2
----------------------------------------
Recipe # 902
peJELzwYNSCtvVWTxHUW 45633.0
----------------------------------------
Recipe # 903
DIBfAqDkeWcHYKFwvnBJ 72649.5
----------------------------------------
Recipe # 904
aDoAGuIoXXiVWKAczPkB 6703.4
----------------------------------------
Recipe # 905
CklCpvnPXELuPZIfLcbL 89479.0
----------------------------------------
Recipe # 906
qaOSOjndsBePHfIoyVNi 23007.2
----------------------------------------
Recipe # 907
wdMRbmhZCvMMtNyRvYtE 12810.9
----------------------------------------
Recipe # 908
lMRzDgzUyzvAfNOzNOea 16666.1
----------------------------------------
Recipe # 909
VTZveaxVcmIcuUiyvjma 9276.9
----------------------------------------
Recipe # 910
BdbUFATKUfVfCuHKbmHj 483052.8
----------------------------------------
Recipe # 911
QxTfJLTGtfyHNViLJlDf 40491.4
----------------------------------------
Recipe # 912
WjnHhaJWfdcikWBlAsTZ 11894.0
----------------------------------------
Recipe # 913
UmebRjAndBUuaaCcLlDW 23634.0
----------------------------------------
Recipe # 914
YjVZCFzxIRCqQljlXryp 20106.9
----------------------------------------
Recipe # 915
tZjFoazfdmKKQUnwJkfs 19893.7
----------------------------------------
Recipe # 916
XeUBkeJZqYTdAoKDirfL 122939.5
----------------------------------------
Recipe # 917
mAKBxRyZTCfFwDFaJSqG 130895.3
----------------------------------------
Recipe # 918
bdYKtHGRzcryvjCKWzUy 60569.8
----------------------------------------
Recipe # 919
myWfIyaHkpWhafDrWmrA 290187.7
----------------------------------------
Recipe # 920
pvlgAQqcvoZhTVKvFCXR 181.2
----------------------------------------
Recipe # 921
bcMeEoSgikDjNZTjtDNC 8577.6
----------------------------------------
Recipe # 922
BzrcyefDUITbMuMwZVaq 32674.4
----------------------------------------
Recipe # 923
JwWxrjPUvPJedKpalROD 10713.2
----------------------------------------
Recipe # 924
CoLmjOuzdznXJnNAOWEz 37525.0
----------------------------------------
Recipe # 925
iEpYGEgmJJCYsAdmUjLC 52919.1
----------------------------------------
Recipe # 926
XWyudFHflEWDeGciqPjX 12396.8
----------------------------------------
Recipe # 927
fNkygwVliJAtEQRDPOWE 4829.2
----------------------------------------
Recipe # 928
pSPRPLxOZcZVbEydsvxZ 46617.0
----------------------------------------
Recipe # 929
vFodCZYrHSzwTqfCsUBt 37676.1
----------------------------------------
Recipe # 930
VKJzqQaiZFKpRCnbGuDd 5631.6
----------------------------------------
Recipe # 931
HMiHyeOOWRLvUzYGoDIq 49661.5
----------------------------------------
Recipe # 932
FfMUPlPFDMECikBeSNwB 39285.1
----------------------------------------
Recipe # 933
MyEiAxFSznWYgQqQYVSD 96154.5
----------------------------------------
Recipe # 934
bDwyUkIRKIrdWZLFtUSm 48729.8
----------------------------------------
Recipe # 935
KWNMlRodMNvAaQNduRCt 64251.6
----------------------------------------
Recipe # 936
qvjwiJravVdHsNdaDXtC 2460.1
----------------------------------------
Recipe # 937
waisgpRYbEUAfWdaTkft 58964.3
----------------------------------------
Recipe # 938
mZTPoMuCEQYxZtlxoBby 76470.1
----------------------------------------
Recipe # 939
ewuPisTAefmUpYuofFxB 116723.4
----------------------------------------
Recipe # 940
cLGxLQSgEMOwrkaAYsjQ 7713.8
----------------------------------------
Recipe # 941
LKxTbfmkwNbYvJokJuGM 123576.3
----------------------------------------
Recipe # 942
NOKRmaFiHywlncsyiqcN 27565.2
----------------------------------------
Recipe # 943
WJPjIynqywgdSCgdpZMt 42576.5
----------------------------------------
Recipe # 944
HVzviQqlVSGqgHMgxaVB 13077.8
----------------------------------------
Recipe # 945
cuhyqkqQIeYMRsiKPqHt 79278.7
----------------------------------------
Recipe # 946
FjBluQhEqJkibFfWzJJJ 13304.5
----------------------------------------
Recipe # 947
cPlXNhlTjeeTQcMFCBfu 32864.4
----------------------------------------
Recipe # 948
bKGRKtMbBvfiKcGPAnSw 374152.1
----------------------------------------
Recipe # 949
eIibfvyFMKYKClKDpTyU 56806.4
----------------------------------------
Recipe # 950
MJeimBPgAilYVLQkmJcw 65901.6
----------------------------------------
Recipe # 951
hVbGnfmnVfRVBqbsjiIF 32582.3
----------------------------------------
Recipe # 952
PRAxuUnjZhsDIzTrTFaw 9124.3
----------------------------------------
Recipe # 953
TeiuhCjJbYeIxQYdpPvf 23464.3
----------------------------------------
Recipe # 954
XSBOmgprVMtGkLrReCje 406624.0
----------------------------------------
Recipe # 955
DqYmnqnFCjMqmkQbDneb 132899.9
----------------------------------------
Recipe # 956
rTPKjWOsIluHYHOCiOyq 7358.2
----------------------------------------
Recipe # 957
QzcVfCRaOViVXrZrktbc 266275.6
----------------------------------------
Recipe # 958
zkKEFvggkmJlWLonObPy 10050.9
----------------------------------------
Recipe # 959
CTgxEorJCBfNRBzUrKBd 110372.7
----------------------------------------
Recipe # 960
JyMmtmVvFDVwkUBrLiDm 778830.0
----------------------------------------
Recipe # 961
LANogHSvnmLkAfPxFQsH 210.4
----------------------------------------
Recipe # 962
aokQoQTZdBFTaeOZTRVX 27515.2
----------------------------------------
Recipe # 963
nJArunuouyfMBgfifMfD 18935.6
----------------------------------------
Recipe # 964
XyfAfQSPardjVZOylmQO 241.8
----------------------------------------
Recipe # 965
ziFGnzaFeaQwhVYqCRKo 1286.1
----------------------------------------
Recipe # 966
ayoGQBHCqOGBTYhFZfLt 79198.4
----------------------------------------
Recipe # 967
HFZTFyHlwhjYjTsnlZMY 3990.0
----------------------------------------
Recipe # 968
JAZDaPYFwuulVJcZnRvj 29269.8
----------------------------------------
Recipe # 969
RCLKGeQdldzChBniZfbk 9866.5
----------------------------------------
Recipe # 970
HRlscQyFnfpuPIEhSXFt 146146.9
----------------------------------------
Recipe # 971
WJXrnptvAOOivGFsiXQW 34500.0
----------------------------------------
Recipe # 972
CBPJsuPtkmYdVYKMbgyl 20140.6
----------------------------------------
Recipe # 973
EbIUDXeNczlyKbbQfWgE 27622.7
----------------------------------------
Recipe # 974
QCqNYnsgXhcQvpxeXPLZ 229103.9
----------------------------------------
Recipe # 975
LgUCxssRiGJOWKXrXssJ 41476.5
----------------------------------------
Recipe # 976
zrGAghJgegxLBvEPAJPZ 15683.2
----------------------------------------
Recipe # 977
LtDxIiyKuchXkElCLObN 81810.8
----------------------------------------
Recipe # 978
NrOSOydnwaTsyHxoCfZz 48431.0
----------------------------------------
Recipe # 979
iHgGrHbQCaKXRiTboMdI 3015.0
----------------------------------------
Recipe # 980
cDunKvCaYhTXtikthZbu 85903.9
----------------------------------------
Recipe # 981
wYuTcnifaWygGQVKcwKj 20948.4
----------------------------------------
Recipe # 982
pwCgYdkHINHzaUYMpAKM 24896.4
----------------------------------------
Recipe # 983
fgwyLUYORiUMlpNlUFFw 23734.6
----------------------------------------
Recipe # 984
jVgUqDnuTIsVgPGXAtpx 87448.3
----------------------------------------
Recipe # 985
hxSdULUONbFxVTSjxqQp 57528.9
----------------------------------------
Recipe # 986
ekuOUBpDittjGsdXiykF 7565.1
----------------------------------------
Recipe # 987
rvXTHJWiGOQHgywJmnPk 10551.5
----------------------------------------
Recipe # 988
uWqxJSpltKfpMReJsqPQ 20646.3
----------------------------------------
Recipe # 989
oqkFzPrntbhVqdfVwmbX 21378.8
----------------------------------------
Recipe # 990
nyaDQasDTVqlssiyTlYy 631.8
----------------------------------------
Recipe # 991
YIkMiiGsaWmWMFsxBYaT 8237.7
----------------------------------------
Recipe # 992
ufXROunvVrqtfYPtMqcw 42506.8
----------------------------------------
Recipe # 993
wCmMJPNUPjVpLrtrNgIG 17.3
----------------------------------------
Recipe # 994
HVKQuwCNKnrLDxaZWwAG 424319.5
----------------------------------------
Recipe # 995
lDsSQNOKnugSGFtgEZsn 55551.3
----------------------------------------
Recipe # 996
eZxWIHgJSJvUYbRYlBfO 5563.7
----------------------------------------
Recipe # 997
jKkmYjWbtEcrEUrKaRAH 11110.0
----------------------------------------
Recipe # 998
azeeuREoDNXjjisomVmx 17575.0
----------------------------------------
Recipe # 999
jFoZGDymnjvfJMBnPjja 89357.8
----------------------------------------
Recipe # 1000
QQjvrTKmMxCIcJjGRCed 75435.4
----------------------------------------
